Component: ARM Compiler 5.06 update 6 (build 750) Tool: armlink [4d35ed]

==============================================================================

Section Cross References

    startup_stm32f407xx.o(RESET) refers to startup_stm32f407xx.o(STACK) for __initial_sp
    startup_stm32f407xx.o(RESET) refers to startup_stm32f407xx.o(.text) for Reset_Handler
    startup_stm32f407xx.o(RESET) refers to stm32f4xx_it.o(i.NMI_Handler) for NMI_Handler
    startup_stm32f407xx.o(RESET) refers to stm32f4xx_it.o(i.HardFault_Handler) for HardFault_Handler
    startup_stm32f407xx.o(RESET) refers to stm32f4xx_it.o(i.MemManage_Handler) for MemManage_Handler
    startup_stm32f407xx.o(RESET) refers to stm32f4xx_it.o(i.BusFault_Handler) for BusFault_Handler
    startup_stm32f407xx.o(RESET) refers to stm32f4xx_it.o(i.UsageFault_Handler) for UsageFault_Handler
    startup_stm32f407xx.o(RESET) refers to port.o(.emb_text) for SVC_Handler
    startup_stm32f407xx.o(RESET) refers to stm32f4xx_it.o(i.DebugMon_Handler) for DebugMon_Handler
    startup_stm32f407xx.o(RESET) refers to stm32f4xx_it.o(i.SysTick_Handler) for SysTick_Handler
    startup_stm32f407xx.o(RESET) refers to can.o(i.CAN1_RX0_IRQHandler) for CAN1_RX0_IRQHandler
    startup_stm32f407xx.o(RESET) refers to rc.o(i.USART2_IRQHandler) for USART2_IRQHandler
    startup_stm32f407xx.o(RESET) refers to judg_info.o(i.USART3_IRQHandler) for USART3_IRQHandler
    startup_stm32f407xx.o(RESET) refers to can.o(i.CAN2_RX0_IRQHandler) for CAN2_RX0_IRQHandler
    startup_stm32f407xx.o(RESET) refers to stm32f4xx_it.o(i.OTG_FS_IRQHandler) for OTG_FS_IRQHandler
    startup_stm32f407xx.o(RESET) refers to auto_shoot.o(i.USART6_IRQHandler) for USART6_IRQHandler
    startup_stm32f407xx.o(.text) refers to system_stm32f4xx.o(i.SystemInit) for SystemInit
    startup_stm32f407xx.o(.text) refers to entry.o(.ARM.Collect$$$$00000000) for __main
    stm32f4xx_hal.o(i.HAL_DeInit) refers to stm32f4xx_hal.o(i.HAL_MspDeInit) for HAL_MspDeInit
    stm32f4xx_hal.o(i.HAL_Delay) refers to stm32f4xx_hal.o(i.HAL_GetTick) for HAL_GetTick
    stm32f4xx_hal.o(i.HAL_Delay) refers to stm32f4xx_hal.o(.data) for .data
    stm32f4xx_hal.o(i.HAL_GetTick) refers to stm32f4xx_hal.o(.data) for .data
    stm32f4xx_hal.o(i.HAL_GetTickFreq) refers to stm32f4xx_hal.o(.data) for .data
    stm32f4xx_hal.o(i.HAL_GetTickPrio) refers to stm32f4xx_hal.o(.data) for .data
    stm32f4xx_hal.o(i.HAL_IncTick) refers to stm32f4xx_hal.o(.data) for .data
    stm32f4xx_hal.o(i.HAL_Init) refers to stm32f4xx_hal_cortex.o(i.HAL_NVIC_SetPriorityGrouping) for HAL_NVIC_SetPriorityGrouping
    stm32f4xx_hal.o(i.HAL_Init) refers to stm32f4xx_hal.o(i.HAL_InitTick) for HAL_InitTick
    stm32f4xx_hal.o(i.HAL_Init) refers to stm32f4xx_hal.o(i.HAL_MspInit) for HAL_MspInit
    stm32f4xx_hal.o(i.HAL_InitTick) refers to stm32f4xx_hal_cortex.o(i.HAL_SYSTICK_Config) for HAL_SYSTICK_Config
    stm32f4xx_hal.o(i.HAL_InitTick) refers to stm32f4xx_hal_cortex.o(i.HAL_NVIC_SetPriority) for HAL_NVIC_SetPriority
    stm32f4xx_hal.o(i.HAL_InitTick) refers to stm32f4xx_hal.o(.data) for .data
    stm32f4xx_hal.o(i.HAL_InitTick) refers to system_stm32f4xx.o(.data) for SystemCoreClock
    stm32f4xx_hal.o(i.HAL_SetTickFreq) refers to stm32f4xx_hal.o(i.HAL_InitTick) for HAL_InitTick
    stm32f4xx_hal.o(i.HAL_SetTickFreq) refers to stm32f4xx_hal.o(.data) for .data
    stm32f4xx_hal_flash_ex.o(i.HAL_FLASHEx_Erase) refers to stm32f4xx_hal_flash.o(i.FLASH_WaitForLastOperation) for FLASH_WaitForLastOperation
    stm32f4xx_hal_flash_ex.o(i.HAL_FLASHEx_Erase) refers to stm32f4xx_hal_flash_ex.o(i.FLASH_MassErase) for FLASH_MassErase
    stm32f4xx_hal_flash_ex.o(i.HAL_FLASHEx_Erase) refers to stm32f4xx_hal_flash_ex.o(i.FLASH_Erase_Sector) for FLASH_Erase_Sector
    stm32f4xx_hal_flash_ex.o(i.HAL_FLASHEx_Erase) refers to stm32f4xx_hal_flash_ex.o(i.FLASH_FlushCaches) for FLASH_FlushCaches
    stm32f4xx_hal_flash_ex.o(i.HAL_FLASHEx_Erase) refers to stm32f4xx_hal_flash.o(.bss) for pFlash
    stm32f4xx_hal_flash_ex.o(i.HAL_FLASHEx_Erase_IT) refers to stm32f4xx_hal_flash_ex.o(i.FLASH_Erase_Sector) for FLASH_Erase_Sector
    stm32f4xx_hal_flash_ex.o(i.HAL_FLASHEx_Erase_IT) refers to stm32f4xx_hal_flash_ex.o(i.FLASH_MassErase) for FLASH_MassErase
    stm32f4xx_hal_flash_ex.o(i.HAL_FLASHEx_Erase_IT) refers to stm32f4xx_hal_flash.o(.bss) for pFlash
    stm32f4xx_hal_flash_ex.o(i.HAL_FLASHEx_OBProgram) refers to stm32f4xx_hal_flash.o(i.FLASH_WaitForLastOperation) for FLASH_WaitForLastOperation
    stm32f4xx_hal_flash_ex.o(i.HAL_FLASHEx_OBProgram) refers to stm32f4xx_hal_flash.o(.bss) for pFlash
    stm32f4xx_hal_rcc.o(i.HAL_RCC_ClockConfig) refers to stm32f4xx_hal.o(i.HAL_GetTick) for HAL_GetTick
    stm32f4xx_hal_rcc.o(i.HAL_RCC_ClockConfig) refers to stm32f4xx_hal_rcc.o(i.HAL_RCC_GetSysClockFreq) for HAL_RCC_GetSysClockFreq
    stm32f4xx_hal_rcc.o(i.HAL_RCC_ClockConfig) refers to stm32f4xx_hal.o(i.HAL_InitTick) for HAL_InitTick
[...]
    i.TIM_Base_SetConfig                     0x08003288   Section        0  stm32f4xx_hal_tim.o(i.TIM_Base_SetConfig)
    i.TIM_CCxChannelCmd                      0x08003348   Section        0  stm32f4xx_hal_tim.o(i.TIM_CCxChannelCmd)
    i.TIM_OC1_SetConfig                      0x08003360   Section        0  stm32f4xx_hal_tim.o(i.TIM_OC1_SetConfig)
    TIM_OC1_SetConfig                        0x08003361   Thumb Code    80  stm32f4xx_hal_tim.o(i.TIM_OC1_SetConfig)
    i.TIM_OC2_SetConfig                      0x080033b8   Section        0  stm32f4xx_hal_tim.o(i.TIM_OC2_SetConfig)
    i.TIM_OC3_SetConfig                      0x0800341c   Section        0  stm32f4xx_hal_tim.o(i.TIM_OC3_SetConfig)
    TIM_OC3_SetConfig                        0x0800341d   Thumb Code    88  stm32f4xx_hal_tim.o(i.TIM_OC3_SetConfig)
    i.TIM_OC4_SetConfig                      0x0800347c   Section        0  stm32f4xx_hal_tim.o(i.TIM_OC4_SetConfig)
    TIM_OC4_SetConfig                        0x0800347d   Thumb Code    70  stm32f4xx_hal_tim.o(i.TIM_OC4_SetConfig)
    i.UART_DMAError                          0x080034cc   Section        0  stm32f4xx_hal_uart.o(i.UART_DMAError)
    UART_DMAError                            0x080034cd   Thumb Code    74  stm32f4xx_hal_uart.o(i.UART_DMAError)
    i.UART_DMAReceiveCplt                    0x08003516   Section        0  stm32f4xx_hal_uart.o(i.UART_DMAReceiveCplt)
    UART_DMAReceiveCplt                      0x08003517   Thumb Code    60  stm32f4xx_hal_uart.o(i.UART_DMAReceiveCplt)
    i.UART_DMARxHalfCplt                     0x08003552   Section        0  stm32f4xx_hal_uart.o(i.UART_DMARxHalfCplt)
    UART_DMARxHalfCplt                       0x08003553   Thumb Code    10  stm32f4xx_hal_uart.o(i.UART_DMARxHalfCplt)
    i.UART_DMATransmitCplt                   0x0800355c   Section        0  stm32f4xx_hal_uart.o(i.UART_DMATransmitCplt)
    UART_DMATransmitCplt                     0x0800355d   Thumb Code    46  stm32f4xx_hal_uart.o(i.UART_DMATransmitCplt)
    i.UART_DMATxHalfCplt                     0x0800358a   Section        0  stm32f4xx_hal_uart.o(i.UART_DMATxHalfCplt)
    UART_DMATxHalfCplt                       0x0800358b   Thumb Code    10  stm32f4xx_hal_uart.o(i.UART_DMATxHalfCplt)
    i.UART_EndRxTransfer                     0x08003594   Section        0  stm32f4xx_hal_uart.o(i.UART_EndRxTransfer)
    UART_EndRxTransfer                       0x08003595   Thumb Code    28  stm32f4xx_hal_uart.o(i.UART_EndRxTransfer)
    i.UART_EndTxTransfer                     0x080035b0   Section        0  stm32f4xx_hal_uart.o(i.UART_EndTxTransfer)
    UART_EndTxTransfer                       0x080035b1   Thumb Code    18  stm32f4xx_hal_uart.o(i.UART_EndTxTransfer)
    i.UART_SetConfig                         0x080035c4   Section        0  stm32f4xx_hal_uart.o(i.UART_SetConfig)
    UART_SetConfig                           0x080035c5   Thumb Code   676  stm32f4xx_hal_uart.o(i.UART_SetConfig)
    i.USART1_Init                            0x08003870   Section        0  usart1.o(i.USART1_Init)
    i.USART2_IRQHandler                      0x08003898   Section        0  rc.o(i.USART2_IRQHandler)
    i.USART2_Init                            0x08003918   Section        0  rc.o(i.USART2_Init)
    i.USART3_IRQHandler                      0x08003978   Section        0  judg_info.o(i.USART3_IRQHandler)
    i.USART3_Init                            0x080039e4   Section        0  judg_info.o(i.USART3_Init)
    i.USART6_IRQHandler                      0x08003a2c   Section        0  auto_shoot.o(i.USART6_IRQHandler)
    i.USART6_Transmit                        0x08003b0c   Section        0  chassis_task.o(i.USART6_Transmit)
    i.USB_ActivateSetup                      0x08003b5c   Section        0  stm32f4xx_ll_usb.o(i.USB_ActivateSetup)
    i.USB_EP0_OutStart                       0x08003b90   Section        0  stm32f4xx_ll_usb.o(i.USB_EP0_OutStart)
    i.USB_FlushTxFifo                        0x08003bd0   Section        0  stm32f4xx_ll_usb.o(i.USB_FlushTxFifo)
    i.USB_GetDevSpeed                        0x08003bf4   Section        0  stm32f4xx_ll_usb.o(i.USB_GetDevSpeed)
    i.USB_GetMode                            0x08003c30   Section        0  stm32f4xx_ll_usb.o(i.USB_GetMode)
    i.USB_ReadDevAllInEpInterrupt            0x08003c38   Section        0  stm32f4xx_ll_usb.o(i.USB_ReadDevAllInEpInterrupt)
    i.USB_ReadDevAllOutEpInterrupt           0x08003c46   Section        0  stm32f4xx_ll_usb.o(i.USB_ReadDevAllOutEpInterrupt)
    i.USB_ReadDevInEPInterrupt               0x08003c54   Section        0  stm32f4xx_ll_usb.o(i.USB_ReadDevInEPInterrupt)
    i.USB_ReadDevOutEPInterrupt              0x08003c72   Section        0  stm32f4xx_ll_usb.o(i.USB_ReadDevOutEPInterrupt)
    i.USB_ReadInterrupts                     0x08003c82   Section        0  stm32f4xx_ll_usb.o(i.USB_ReadInterrupts)
    i.USB_ReadPacket                         0x08003c8a   Section        0  stm32f4xx_ll_usb.o(i.USB_ReadPacket)
    i.USB_WritePacket                        0x08003cac   Section        0  stm32f4xx_ll_usb.o(i.USB_WritePacket)
    i.UsageFault_Handler                     0x08003cd4   Section        0  stm32f4xx_it.o(i.UsageFault_Handler)
    i.UserTask                               0x08003cd8   Section        0  user_task.o(i.UserTask)
    i.Verify_CRC16_Check_Sum_1               0x08003d0c   Section        0  judg_info.o(i.Verify_CRC16_Check_Sum_1)
    i.__scatterload_copy                     0x08003d48   Section       14  handlers.o(i.__scatterload_copy)
    i.__scatterload_null                     0x08003d56   Section        2  handlers.o(i.__scatterload_null)
    i.__scatterload_zeroinit                 0x08003d58   Section       14  handlers.o(i.__scatterload_zeroinit)
    i.chassis_init                           0x08003d68   Section        0  chassis_task.o(i.chassis_init)
    i.chassis_rc_to_control_vector           0x08003ddc   Section        0  chassis_task.o(i.chassis_rc_to_control_vector)
    i.chassis_set_contorl                    0x08003e70   Section        0  chassis_task.o(i.chassis_set_contorl)
    i.chassis_task                           0x08003e94   Section        0  chassis_task.o(i.chassis_task)
    i.first_order_filter_cali                0x08003fec   Section        0  user_lib.o(i.first_order_filter_cali)
    i.first_order_filter_init                0x0800403a   Section        0  user_lib.o(i.first_order_filter_init)
    i.get_GYRO_Measure_Point                 0x0800404c   Section        0  can_receive.o(i.get_GYRO_Measure_Point)
    i.get_Pitch_Gimbal_Motor_Measure_Point   0x08004054   Section        0  can_receive.o(i.get_Pitch_Gimbal_Motor_Measure_Point)
    i.get_Yaw_Gimbal_Motor_Measure_Point     0x0800405c   Section        0  can_receive.o(i.get_Yaw_Gimbal_Motor_Measure_Point)
    i.get_auto_shoot_point                   0x08004064   Section        0  auto_shoot.o(i.get_auto_shoot_point)
    i.get_gimbal_motor_measuer               0x0800406c   Section        0  can_receive.o(i.get_gimbal_motor_measuer)
    i.get_remote_control_point               0x080040f4   Section        0  rc.o(i.get_remote_control_point)
    i.main                                   0x080040fc   Section        0  main.o(i.main)
    i.osSystickHandler                       0x08004112   Section        0  cmsis_os.o(i.osSystickHandler)
    i.prvAddCurrentTaskToDelayedList         0x08004128   Section        0  tasks.o(i.prvAddCurrentTaskToDelayedList)
    prvAddCurrentTaskToDelayedList           0x08004129   Thumb Code   102  tasks.o(i.prvAddCurrentTaskToDelayedList)
    i.prvAddNewTaskToReadyList               0x08004198   Section        0  tasks.o(i.prvAddNewTaskToReadyList)
    prvAddNewTaskToReadyList                 0x08004199   Thumb Code   194  tasks.o(i.prvAddNewTaskToReadyList)
    i.prvCheckTasksWaitingTermination        0x08004268   Section        0  tasks.o(i.prvCheckTasksWaitingTermination)
    prvCheckTasksWaitingTermination          0x08004269   Thumb Code    70  tasks.o(i.prvCheckTasksWaitingTermination)
    i.prvDeleteTCB                           0x080042b8   Section        0  tasks.o(i.prvDeleteTCB)
    prvDeleteTCB                             0x080042b9   Thumb Code    20  tasks.o(i.prvDeleteTCB)
    i.prvHeapInit                            0x080042cc   Section        0  heap_4.o(i.prvHeapInit)
    prvHeapInit                              0x080042cd   Thumb Code    66  heap_4.o(i.prvHeapInit)
    i.prvIdleTask                            0x08004318   Section        0  tasks.o(i.prvIdleTask)
    prvIdleTask                              0x08004319   Thumb Code    30  tasks.o(i.prvIdleTask)
    i.prvInitialiseNewTask                   0x08004340   Section        0  tasks.o(i.prvInitialiseNewTask)
    prvInitialiseNewTask                     0x08004341   Thumb Code   156  tasks.o(i.prvInitialiseNewTask)
    i.prvInsertBlockIntoFreeList             0x080043dc   Section        0  heap_4.o(i.prvInsertBlockIntoFreeList)
    prvInsertBlockIntoFreeList               0x080043dd   Thumb Code    72  heap_4.o(i.prvInsertBlockIntoFreeList)
    i.prvResetNextTaskUnblockTime            0x08004428   Section        0  tasks.o(i.prvResetNextTaskUnblockTime)
    prvResetNextTaskUnblockTime              0x08004429   Thumb Code    26  tasks.o(i.prvResetNextTaskUnblockTime)
    i.prvTaskExitError                       0x08004448   Section        0  port.o(i.prvTaskExitError)
    prvTaskExitError                         0x08004449   Thumb Code    36  port.o(i.prvTaskExitError)
    i.pvPortMalloc                           0x08004470   Section        0  heap_4.o(i.pvPortMalloc)
    i.pxPortInitialiseStack                  0x08004548   Section        0  port.o(i.pxPortInitialiseStack)
    i.ramp_calc                              0x08004574   Section        0  user_lib.o(i.ramp_calc)
    i.ramp_init                              0x080045c4   Section        0  user_lib.o(i.ramp_init)
    i.startTast                              0x080045e0   Section        0  start_task.o(i.startTast)
    i.start_task                             0x0800460c   Section        0  start_task.o(i.start_task)
    i.uxListRemove                           0x0800469c   Section        0  list.o(i.uxListRemove)
    i.uxTaskGetStackHighWaterMark            0x080046c0   Section        0  tasks.o(i.uxTaskGetStackHighWaterMark)
    i.vListInitialise                        0x080046e0   Section        0  list.o(i.vListInitialise)
    i.vListInitialiseItem                    0x080046f6   Section        0  list.o(i.vListInitialiseItem)
    i.vListInsert                            0x080046fc   Section        0  list.o(i.vListInsert)
    i.vListInsertEnd                         0x0800472c   Section        0  list.o(i.vListInsertEnd)
    i.vPortEnterCritical                     0x08004744   Section        0  port.o(i.vPortEnterCritical)
    i.vPortExitCritical                      0x08004784   Section        0  port.o(i.vPortExitCritical)
    i.vPortFree                              0x080047ac   Section        0  heap_4.o(i.vPortFree)
    i.vPortSetupTimerInterrupt               0x08004808   Section        0  port.o(i.vPortSetupTimerInterrupt)
    i.vPortValidateInterruptPriority         0x08004828   Section        0  port.o(i.vPortValidateInterruptPriority)
    i.vTaskDelay                             0x0800487c   Section        0  tasks.o(i.vTaskDelay)
    i.vTaskDelete                            0x080048c8   Section        0  tasks.o(i.vTaskDelete)
    i.vTaskStartScheduler                    0x08004974   Section        0  tasks.o(i.vTaskStartScheduler)
    i.vTaskSuspendAll                        0x080049dc   Section        0  tasks.o(i.vTaskSuspendAll)
    i.vTaskSwitchContext                     0x080049ec   Section        0  tasks.o(i.vTaskSwitchContext)
    i.xPortStartScheduler                    0x08004a48   Section        0  port.o(i.xPortStartScheduler)
    i.xPortSysTickHandler                    0x08004b28   Section        0  port.o(i.xPortSysTickHandler)
    i.xTaskCreate                            0x08004b54   Section        0  tasks.o(i.xTaskCreate)
    i.xTaskGetSchedulerState                 0x08004bac   Section        0  tasks.o(i.xTaskGetSchedulerState)
    i.xTaskGetTickCount                      0x08004bc8   Section        0  tasks.o(i.xTaskGetTickCount)
    i.xTaskGetTickCountFromISR               0x08004bd4   Section        0  tasks.o(i.xTaskGetTickCountFromISR)
    i.xTaskIncrementTick                     0x08004be4   Section        0  tasks.o(i.xTaskIncrementTick)
    i.xTaskResumeAll                         0x08004cac   Section        0  tasks.o(i.xTaskResumeAll)
    .constdata                               0x08004d70   Section        8  stm32f4xx_hal_dma.o(.constdata)
    flagBitshiftOffset                       0x08004d70   Data           8  stm32f4xx_hal_dma.o(.constdata)
    .constdata                               0x08004d78   Section       16  system_stm32f4xx.o(.constdata)
    .constdata                               0x08004d88   Section        8  system_stm32f4xx.o(.constdata)
    .constdata                               0x08004d90   Section      768  judg_info.o(.constdata)
    .constdata                               0x08005090   Section        4  chassis_task.o(.constdata)
    chassis_x_order_filter                   0x08005090   Data           4  chassis_task.o(.constdata)
    .data                                    0x20000000   Section       12  stm32f4xx_hal.o(.data)
    .data                                    0x2000000c   Section        4  system_stm32f4xx.o(.data)
    .data                                    0x20000010   Section       24  heap_4.o(.data)
    pxEnd                                    0x20000010   Data           4  heap_4.o(.data)
    xFreeBytesRemaining                      0x20000014   Data           4  heap_4.o(.data)
    xMinimumEverFreeBytesRemaining           0x20000018   Data           4  heap_4.o(.data)
    xBlockAllocatedBit                       0x2000001c   Data           4  heap_4.o(.data)
    xStart                                   0x20000020   Data           8  heap_4.o(.data)
    .data                                    0x20000028   Section       12  port.o(.data)
    ucMaxSysCallPriority                     0x20000028   Data           1  port.o(.data)
    uxCriticalNesting                        0x2000002c   Data           4  port.o(.data)
    ulMaxPRIGROUPValue                       0x20000030   Data           4  port.o(.data)
    .data                                    0x20000034   Section       60  tasks.o(.data)
    uxDeletedTasksWaitingCleanUp             0x20000038   Data           4  tasks.o(.data)
    uxCurrentNumberOfTasks                   0x2000003c   Data           4  tasks.o(.data)
    xTickCount                               0x20000040   Data           4  tasks.o(.data)
    uxTopReadyPriority                       0x20000044   Data           4  tasks.o(.data)
    xSchedulerRunning                        0x20000048   Data           4  tasks.o(.data)
    uxPendedTicks                            0x2000004c   Data           4  tasks.o(.data)
    xYieldPending                            0x20000050   Data           4  tasks.o(.data)
    xNumOfOverflows                          0x20000054   Data           4  tasks.o(.data)
    uxTaskNumber                             0x20000058   Data           4  tasks.o(.data)
    xNextTaskUnblockTime                     0x2000005c   Data           4  tasks.o(.data)
    xIdleTaskHandle                          0x20000060   Data           4  tasks.o(.data)
    uxSchedulerSuspended                     0x20000064   Data           4  tasks.o(.data)
    pxDelayedTaskList                        0x20000068   Data           4  tasks.o(.data)
    pxOverflowDelayedTaskList                0x2000006c   Data           4  tasks.o(.data)
    .data                                    0x20000070   Section       20  judg_info.o(.data)
    .data                                    0x20000084   Section       20  can_receive.o(.data)
    pitch_connt                              0x20000084   Data           2  can_receive.o(.data)
    raw_v_x                                  0x20000086   Data           2  can_receive.o(.data)
    raw_v_z                                  0x20000088   Data           2  can_receive.o(.data)
    raw_pit                                  0x2000008a   Data           2  can_receive.o(.data)
    chassis_speed_send                       0x2000008c   Data           2  can_receive.o(.data)
    pitch_angle                              0x20000090   Data           4  can_receive.o(.data)
    last_pitch_angle                         0x20000094   Data           4  can_receive.o(.data)
    .data                                    0x20000098   Section       16  start_task.o(.data)
    StartTask_Handler                        0x20000098   Data           4  start_task.o(.data)
    UserTask_Handler                         0x200000a4   Data           4  start_task.o(.data)
    .data                                    0x200000a8   Section       23  chassis_task.o(.data)
    open_fric                                0x200000a8   Data           1  chassis_task.o(.data)
    shoot_speed_send                         0x200000aa   Data           2  chassis_task.o(.data)
    fric_time                                0x200000ac   Data           4  chassis_task.o(.data)
    chassis_system_time                      0x200000b0   Data           4  chassis_task.o(.data)
    SEND_DATA                                0x200000b8   Data           7  chassis_task.o(.data)
    .data                                    0x200000c0   Section        4  chassis_task.o(.data)
    .data                                    0x200000c4   Section        1  chassis_task.o(.data)
    .data                                    0x200000c8   Section        4  user_task.o(.data)
    .data                                    0x200000cc   Section       20  gimbal_task.o(.data)
    pir_turn                                 0x200000cc   Data           1  gimbal_task.o(.data)
    mode_change                              0x200000cd   Data           1  gimbal_task.o(.data)
    yaw_channel                              0x200000d0   Data           2  gimbal_task.o(.data)
    pitch_channel                            0x200000d2   Data           2  gimbal_task.o(.data)
    gimbal_system_time                       0x200000d4   Data           4  gimbal_task.o(.data)
    find_enery                               0x200000d8   Data           4  gimbal_task.o(.data)
    .bss                                     0x200000e0   Section    15360  heap_4.o(.bss)
    ucHeap                                   0x200000e0   Data       15360  heap_4.o(.bss)
    .bss                                     0x20003ce0   Section      240  tasks.o(.bss)
    pxReadyTasksLists                        0x20003ce0   Data         140  tasks.o(.bss)
    xDelayedTaskList1                        0x20003d6c   Data          20  tasks.o(.bss)
    xDelayedTaskList2                        0x20003d80   Data          20  tasks.o(.bss)
    xPendingReadyList                        0x20003d94   Data          20  tasks.o(.bss)
    xTasksWaitingTermination                 0x20003da8   Data          20  tasks.o(.bss)
    xSuspendedTaskList                       0x20003dbc   Data          20  tasks.o(.bss)
    .bss                                     0x20003dd0   Section     1008  stm32f4xx_it.o(.bss)
    .bss                                     0x200041c0   Section      120  led.o(.bss)
    .bss                                     0x20004238   Section       80  can.o(.bss)
    .bss                                     0x20004288   Section      448  usart1.o(.bss)
    .bss                                     0x20004448   Section      162  rc.o(.bss)
    rc_ctrl                                  0x20004488   Data          26  rc.o(.bss)
    SBUS_rx_buf                              0x200044a2   Data          72  rc.o(.bss)
    .bss                                     0x200044ec   Section      188  auto_shoot.o(.bss)
    Rx_data                                  0x2000452c   Data         108  auto_shoot.o(.bss)
    auto_shoot_data                          0x20004598   Data          16  auto_shoot.o(.bss)
    .bss                                     0x200045a8   Section      260  judg_info.o(.bss)
    .bss                                     0x200046ac   Section      100  can_receive.o(.bss)
    motor_yaw                                0x200046ac   Data          28  can_receive.o(.bss)
    motor_pit                                0x200046c8   Data          28  can_receive.o(.bss)
    motor_trigger                            0x200046e4   Data          28  can_receive.o(.bss)
    gyro_info                                0x20004700   Data          16  can_receive.o(.bss)
    .bss                                     0x20004710   Section      120  chassis_task.o(.bss)
    .bss                                     0x20004788   Section      528  gimbal_task.o(.bss)
    gimbal_control                           0x20004788   Data         528  gimbal_task.o(.bss)
    STACK                                    0x20004998   Section     1024  startup_stm32f407xx.o(STACK)

    Global Symbols

    Symbol Name                              Value     Ov Type        Size  Object(Section)

    BuildAttributes$$THM_ISAv4$E$P$D$K$B$S$7EM$VFPi3$EXTD16$VFPS$VFMA$PE$A:L22UL41UL21$X:L11$S22US41US21$IEEE1$IW$USESV6$~STKCKD$USESV7$~SHL$OTIME$ROPI$EBA8$MICROLIB$REQ8$PRES8$EABIv2 0x00000000   Number         0  anon$$obj.o ABSOLUTE
    __ARM_use_no_argv                        0x00000000   Number         0  main.o ABSOLUTE
    __use_no_errno                           0x00000000   Number         0  useno.o ABSOLUTE
    __use_no_exception_handling              0x00000000   Number         0  useno.o ABSOLUTE
    __use_no_fp                              0x00000000   Number         0  useno.o ABSOLUTE
    __use_no_heap                            0x00000000   Number         0  useno.o ABSOLUTE
    __use_no_heap_region                     0x00000000   Number         0  useno.o ABSOLUTE
    __use_no_semihosting                     0x00000000   Number         0  useno.o ABSOLUTE
    __use_no_semihosting_swi                 0x00000000   Number         0  useno.o ABSOLUTE
    __use_no_signal_handling                 0x00000000   Number         0  useno.o ABSOLUTE
    __cpp_initialize__aeabi_                  - Undefined Weak Reference
    __cxa_finalize                            - Undefined Weak Reference
    __decompress                              - Undefined Weak Reference
    _clock_init                               - Undefined Weak Reference
    _microlib_exit                            - Undefined Weak Reference
    __Vectors_Size                           0x00000188   Number         0  startup_stm32f407xx.o ABSOLUTE
    __Vectors                                0x08000000   Data           4  startup_stm32f407xx.o(RESET)
    __Vectors_End                            0x08000188   Data           0  startup_stm32f407xx.o(RESET)
    __main                                   0x08000189   Thumb Code     0  entry.o(.ARM.Collect$$$$00000000)
    _main_stk                                0x08000189   Thumb Code     0  entry2.o(.ARM.Collect$$$$00000001)
    _main_scatterload                        0x0800018d   Thumb Code     0  entry5.o(.ARM.Collect$$$$00000004)
    __main_after_scatterload                 0x08000191   Thumb Code     0  entry5.o(.ARM.Collect$$$$00000004)
    _main_clock                              0x08000191   Thumb Code     0  entry7b.o(.ARM.Collect$$$$00000008)
    _main_cpp_init                           0x08000191   Thumb Code     0  entry8b.o(.ARM.Collect$$$$0000000A)
    _main_init                               0x08000191   Thumb Code     0  entry9a.o(.ARM.Collect$$$$0000000B)
    __rt_final_cpp                           0x08000199   Thumb Code     0  entry10a.o(.ARM.Collect$$$$0000000D)
    __rt_final_exit                          0x08000199   Thumb Code     0  entry11a.o(.ARM.Collect$$$$0000000F)
    SVC_Handler                              0x0800019d   Thumb Code    28  port.o(.emb_text)
    __asm___6_port_c_39a90d8d__prvStartFirstTask 0x080001bd   Thumb Code    28  port.o(.emb_text)
    __asm___6_port_c_39a90d8d__prvEnableVFP  0x080001dd   Thumb Code    16  port.o(.emb_text)
    PendSV_Handler                           0x080001f1   Thumb Code    92  port.o(.emb_text)
    vPortGetIPSR                             0x08000251   Thumb Code     6  port.o(.emb_text)
    Reset_Handler                            0x08000259   Thumb Code     8  startup_stm32f407xx.o(.text)
    ADC_IRQHandler                           0x08000273   Thumb Code     0  startup_stm32f407xx.o(.text)
    CAN1_RX1_IRQHandler                      0x08000273   Thumb Code     0  startup_stm32f407xx.o(.text)
    CAN1_SCE_IRQHandler                      0x08000273   Thumb Code     0  startup_stm32f407xx.o(.text)
    CAN1_TX_IRQHandler                       0x08000273   Thumb Code     0  startup_stm32f407xx.o(.text)
    CAN2_RX1_IRQHandler                      0x08000273   Thumb Code     0  startup_stm32f407xx.o(.text)
    CAN2_SCE_IRQHandler                      0x08000273   Thumb Code     0  startup_stm32f407xx.o(.text)
    CAN2_TX_IRQHandler                       0x08000273   Thumb Code     0  startup_stm32f407xx.o(.text)
    DCMI_IRQHandler                          0x08000273   Thumb Code     0  startup_stm32f407xx.o(.text)
    DMA1_Stream0_IRQHandler                  0x08000273   Thumb Code     0  startup_stm32f407xx.o(.text)
    DMA1_Stream1_IRQHandler                  0x08000273   Thumb Code     0  startup_stm32f407xx.o(.text)
    DMA1_Stream2_IRQHandler                  0x08000273   Thumb Code     0  startup_stm32f407xx.o(.text)
    DMA1_Stream3_IRQHandler                  0x08000273   Thumb Code     0  startup_stm32f407xx.o(.text)
    DMA1_Stream4_IRQHandler                  0x08000273   Thumb Code     0  startup_stm32f407xx.o(.text)
    DMA1_Stream5_IRQHandler                  0x08000273   Thumb Code     0  startup_stm32f407xx.o(.text)
    DMA1_Stream6_IRQHandler                  0x08000273   Thumb Code     0  startup_stm32f407xx.o(.text)
    DMA1_Stream7_IRQHandler                  0x08000273   Thumb Code     0  startup_stm32f407xx.o(.text)
    DMA2_Stream0_IRQHandler                  0x08000273   Thumb Code     0  startup_stm32f407xx.o(.text)
    DMA2_Stream1_IRQHandler                  0x08000273   Thumb Code     0  startup_stm32f407xx.o(.text)
    DMA2_Stream2_IRQHandler                  0x08000273   Thumb Code     0  startup_stm32f407xx.o(.text)
    DMA2_Stream3_IRQHandler                  0x08000273   Thumb Code     0  startup_stm32f407xx.o(.text)
    DMA2_Stream4_IRQHandler                  0x08000273   Thumb Code     0  startup_stm32f407xx.o(.text)
    DMA2_Stream5_IRQHandler                  0x08000273   Thumb Code     0  startup_stm32f407xx.o(.text)
    DMA2_Stream6_IRQHandler                  0x08000273   Thumb Code     0  startup_stm32f407xx.o(.text)
    DMA2_Stream7_IRQHandler                  0x08000273   Thumb Code     0  startup_stm32f407xx.o(.text)
    ETH_IRQHandler                           0x08000273   Thumb Code     0  startup_stm32f407xx.o(.text)
    ETH_WKUP_IRQHandler                      0x08000273   Thumb Code     0  startup_stm32f407xx.o(.text)
    EXTI0_IRQHandler                         0x08000273   Thumb Code     0  startup_stm32f407xx.o(.text)
    EXTI15_10_IRQHandler                     0x08000273   Thumb Code     0  startup_stm32f407xx.o(.text)
    EXTI1_IRQHandler                         0x08000273   Thumb Code     0  startup_stm32f407xx.o(.text)
    EXTI2_IRQHandler                         0x08000273   Thumb Code     0  startup_stm32f407xx.o(.text)
    EXTI3_IRQHandler                         0x08000273   Thumb Code     0  startup_stm32f407xx.o(.text)
    EXTI4_IRQHandler                         0x08000273   Thumb Code     0  startup_stm32f407xx.o(.text)
    EXTI9_5_IRQHandler                       0x08000273   Thumb Code     0  startup_stm32f407xx.o(.text)
    FLASH_IRQHandler                         0x08000273   Thumb Code     0  startup_stm32f407xx.o(.text)
    FMC_IRQHandler                           0x08000273   Thumb Code     0  startup_stm32f407xx.o(.text)
    FPU_IRQHandler                           0x08000273   Thumb Code     0  startup_stm32f407xx.o(.text)
    HASH_RNG_IRQHandler                      0x08000273   Thumb Code     0  startup_stm32f407xx.o(.text)
    I2C1_ER_IRQHandler                       0x08000273   Thumb Code     0  startup_stm32f407xx.o(.text)
    I2C1_EV_IRQHandler                       0x08000273   Thumb Code     0  startup_stm32f407xx.o(.text)
    I2C2_ER_IRQHandler                       0x08000273   Thumb Code     0  startup_stm32f407xx.o(.text)
    I2C2_EV_IRQHandler                       0x08000273   Thumb Code     0  startup_stm32f407xx.o(.text)
    I2C3_ER_IRQHandler                       0x08000273   Thumb Code     0  startup_stm32f407xx.o(.text)
    I2C3_EV_IRQHandler                       0x08000273   Thumb Code     0  startup_stm32f407xx.o(.text)
    OTG_FS_WKUP_IRQHandler                   0x08000273   Thumb Code     0  startup_stm32f407xx.o(.text)
    OTG_HS_EP1_IN_IRQHandler                 0x08000273   Thumb Code     0  startup_stm32f407xx.o(.text)
    OTG_HS_EP1_OUT_IRQHandler                0x08000273   Thumb Code     0  startup_stm32f407xx.o(.text)
    OTG_HS_IRQHandler                        0x08000273   Thumb Code     0  startup_stm32f407xx.o(.text)
    OTG_HS_WKUP_IRQHandler                   0x08000273   Thumb Code     0  startup_stm32f407xx.o(.text)
    PVD_IRQHandler                           0x08000273   Thumb Code     0  startup_stm32f407xx.o(.text)
    RCC_IRQHandler                           0x08000273   Thumb Code     0  startup_stm32f407xx.o(.text)
    RTC_Alarm_IRQHandler                     0x08000273   Thumb Code     0  startup_stm32f407xx.o(.text)
    RTC_WKUP_IRQHandler                      0x08000273   Thumb Code     0  startup_stm32f407xx.o(.text)
    SDIO_IRQHandler                          0x08000273   Thumb Code     0  startup_stm32f407xx.o(.text)
    SPI1_IRQHandler                          0x08000273   Thumb Code     0  startup_stm32f407xx.o(.text)
    SPI2_IRQHandler                          0x08000273   Thumb Code     0  startup_stm32f407xx.o(.text)
    SPI3_IRQHandler                          0x08000273   Thumb Code     0  startup_stm32f407xx.o(.text)
    TAMP_STAMP_IRQHandler                    0x08000273   Thumb Code     0  startup_stm32f407xx.o(.text)
    TIM1_BRK_TIM9_IRQHandler                 0x08000273   Thumb Code     0  startup_stm32f407xx.o(.text)
    TIM1_CC_IRQHandler                       0x08000273   Thumb Code     0  startup_stm32f407xx.o(.text)
    TIM1_TRG_COM_TIM11_IRQHandler            0x08000273   Thumb Code     0  startup_stm32f407xx.o(.text)
    TIM1_UP_TIM10_IRQHandler                 0x08000273   Thumb Code     0  startup_stm32f407xx.o(.text)
    TIM2_IRQHandler                          0x08000273   Thumb Code     0  startup_stm32f407xx.o(.text)
    TIM3_IRQHandler                          0x08000273   Thumb Code     0  startup_stm32f407xx.o(.text)
    TIM4_IRQHandler                          0x08000273   Thumb Code     0  startup_stm32f407xx.o(.text)
    TIM5_IRQHandler                          0x08000273   Thumb Code     0  startup_stm32f407xx.o(.text)
    TIM6_DAC_IRQHandler                      0x08000273   Thumb Code     0  startup_stm32f407xx.o(.text)
    TIM7_IRQHandler                          0x08000273   Thumb Code     0  startup_stm32f407xx.o(.text)
    TIM8_BRK_TIM12_IRQHandler                0x08000273   Thumb Code     0  startup_stm32f407xx.o(.text)
    TIM8_CC_IRQHandler                       0x08000273   Thumb Code     0  startup_stm32f407xx.o(.text)
    TIM8_TRG_COM_TIM14_IRQHandler            0x08000273   Thumb Code     0  startup_stm32f407xx.o(.text)
    TIM8_UP_TIM13_IRQHandler                 0x08000273   Thumb Code     0  startup_stm32f407xx.o(.text)
    UART4_IRQHandler                         0x08000273   Thumb Code     0  startup_stm32f407xx.o(.text)
    UART5_IRQHandler                         0x08000273   Thumb Code     0  startup_stm32f407xx.o(.text)
    USART1_IRQHandler                        0x08000273   Thumb Code     0  startup_stm32f407xx.o(.text)
    WWDG_IRQHandler                          0x08000273   Thumb Code     0  startup_stm32f407xx.o(.text)
    __aeabi_uldivmod                         0x0800027d   Thumb Code    98  uldiv.o(.text)
    __aeabi_memset                           0x080002df   Thumb Code    14  memseta.o(.text)
    __aeabi_memset4                          0x080002df   Thumb Code     0  memseta.o(.text)
    __aeabi_memset8                          0x080002df   Thumb Code     0  memseta.o(.text)
    __aeabi_memclr                           0x080002ed   Thumb Code     4  memseta.o(.text)
    __aeabi_memclr4                          0x080002ed   Thumb Code     0  memseta.o(.text)
    __aeabi_memclr8                          0x080002ed   Thumb Code     0  memseta.o(.text)
    _memset$wrapper                          0x080002f1   Thumb Code    18  memseta.o(.text)
    __aeabi_dadd                             0x08000303   Thumb Code   322  dadd.o(.text)
    __aeabi_dsub                             0x08000445   Thumb Code     6  dadd.o(.text)
    __aeabi_drsub                            0x0800044b   Thumb Code     6  dadd.o(.text)
    __aeabi_dmul                             0x08000451   Thumb Code   228  dmul.o(.text)
    __aeabi_i2d                              0x08000535   Thumb Code    34  dflti.o(.text)
    __aeabi_d2iz                             0x08000557   Thumb Code    62  dfixi.o(.text)
    __aeabi_f2d                              0x08000595   Thumb Code    38  f2d.o(.text)
    __aeabi_cdcmpeq                          0x080005bd   Thumb Code     0  cdcmple.o(.text)
    __aeabi_cdcmple                          0x080005bd   Thumb Code    48  cdcmple.o(.text)
    __aeabi_cdrcmple                         0x080005ed   Thumb Code    48  cdrcmple.o(.text)
    __aeabi_d2f                              0x0800061d   Thumb Code    56  d2f.o(.text)
    __aeabi_llsl                             0x08000655   Thumb Code    30  llshl.o(.text)
    _ll_shift_l                              0x08000655   Thumb Code     0  llshl.o(.text)
    __aeabi_llsr                             0x08000673   Thumb Code    32  llushr.o(.text)
    _ll_ushift_r                             0x08000673   Thumb Code     0  llushr.o(.text)
    __aeabi_lasr                             0x08000693   Thumb Code    36  llsshr.o(.text)
    _ll_sshift_r                             0x08000693   Thumb Code     0  llsshr.o(.text)
    __I$use$fp                               0x080006b7   Thumb Code     0  iusefp.o(.text)
    _float_round                             0x080006b7   Thumb Code    18  fepilogue.o(.text)
    _float_epilogue                          0x080006c9   Thumb Code    92  fepilogue.o(.text)
    _double_round                            0x08000725   Thumb Code    30  depilogue.o(.text)
    _double_epilogue                         0x08000743   Thumb Code   156  depilogue.o(.text)
    __scatterload                            0x080007e1   Thumb Code    28  init.o(.text)
    __scatterload_rt2                        0x080007e1   Thumb Code     0  init.o(.text)
    Auto_Shoot_Init                          0x08000805   Thumb Code    84  auto_shoot.o(i.Auto_Shoot_Init)
    BSP_init                                 0x08000861   Thumb Code    60  main.o(i.BSP_init)
    BusFault_Handler                         0x0800089d   Thumb Code     2  stm32f4xx_it.o(i.BusFault_Handler)
    CAN1_Init                                0x080008a1   Thumb Code    98  can.o(i.CAN1_Init)
    CAN1_RX0_IRQHandler                      0x0800090d   Thumb Code     6  can.o(i.CAN1_RX0_IRQHandler)
    CAN2_Init                                0x08000919   Thumb Code    98  can.o(i.CAN2_Init)
    CAN2_RX0_IRQHandler                      0x08000985   Thumb Code     6  can.o(i.CAN2_RX0_IRQHandler)
    CAN_CMD_CHASSIS                          0x08000991   Thumb Code    92  can_receive.o(i.CAN_CMD_CHASSIS)
    CAN_CMD_GYRO_CALI                        0x080009f9   Thumb Code    24  can_receive.o(i.CAN_CMD_GYRO_CALI)
    DebugMon_Handler                         0x08000ab5   Thumb Code     2  stm32f4xx_it.o(i.DebugMon_Handler)
    FRIC_Init                                0x08000ab9   Thumb Code   162  led.o(i.FRIC_Init)
    GIMBAL_Feedback_Update                   0x08000b6d   Thumb Code    40  gimbal_task.o(i.GIMBAL_Feedback_Update)
    GIMBAL_Init                              0x08000b95   Thumb Code   220  gimbal_task.o(i.GIMBAL_Init)
    GIMBAL_PID_Init                          0x08000c85   Thumb Code    20  gimbal_task.o(i.GIMBAL_PID_Init)
    GIMBAL_control_loop                      0x08000c9d   Thumb Code   192  gimbal_task.o(i.GIMBAL_control_loop)
    GIMBAL_set_contorl                       0x08000d5d   Thumb Code   574  gimbal_task.o(i.GIMBAL_set_contorl)
    GIMBAL_task                              0x08000fe1   Thumb Code    50  gimbal_task.o(i.GIMBAL_task)
    GREEN_LED                                0x0800101d   Thumb Code     6  led.o(i.GREEN_LED)
    Get_CRC16_Check_Sum_1                    0x08001029   Thumb Code    38  judg_info.o(i.Get_CRC16_Check_Sum_1)
    HAL_CAN_ActivateNotification             0x08001055   Thumb Code    40  stm32f4xx_hal_can.o(i.HAL_CAN_ActivateNotification)
    HAL_CAN_AddTxMessage                     0x0800107d   Thumb Code   200  stm32f4xx_hal_can.o(i.HAL_CAN_AddTxMessage)
    HAL_CAN_ConfigFilter                     0x08001145   Thumb Code   262  stm32f4xx_hal_can.o(i.HAL_CAN_ConfigFilter)
    HAL_CAN_ErrorCallback                    0x08001251   Thumb Code     2  stm32f4xx_hal_can.o(i.HAL_CAN_ErrorCallback)
    HAL_CAN_GetRxMessage                     0x08001253   Thumb Code   250  stm32f4xx_hal_can.o(i.HAL_CAN_GetRxMessage)
    HAL_CAN_IRQHandler                       0x0800134d   Thumb Code   508  stm32f4xx_hal_can.o(i.HAL_CAN_IRQHandler)
    HAL_CAN_Init                             0x08001549   Thumb Code   282  stm32f4xx_hal_can.o(i.HAL_CAN_Init)
    HAL_CAN_MspInit                          0x08001665   Thumb Code   170  can.o(i.HAL_CAN_MspInit)
    HAL_CAN_RxFifo0FullCallback              0x08001725   Thumb Code     2  stm32f4xx_hal_can.o(i.HAL_CAN_RxFifo0FullCallback)
    HAL_CAN_RxFifo0MsgPendingCallback        0x08001729   Thumb Code   350  can_receive.o(i.HAL_CAN_RxFifo0MsgPendingCallback)
    HAL_CAN_RxFifo1FullCallback              0x080018b9   Thumb Code     2  stm32f4xx_hal_can.o(i.HAL_CAN_RxFifo1FullCallback)
    HAL_CAN_RxFifo1MsgPendingCallback        0x080018bb   Thumb Code     2  stm32f4xx_hal_can.o(i.HAL_CAN_RxFifo1MsgPendingCallback)
    HAL_CAN_SleepCallback                    0x080018bd   Thumb Code     2  stm32f4xx_hal_can.o(i.HAL_CAN_SleepCallback)
    HAL_CAN_Start                            0x080018c1   Thumb Code    88  stm32f4xx_hal_can.o(i.HAL_CAN_Start)
    HAL_CAN_TxMailbox0AbortCallback          0x08001919   Thumb Code     2  stm32f4xx_hal_can.o(i.HAL_CAN_TxMailbox0AbortCallback)
    HAL_CAN_TxMailbox0CompleteCallback       0x0800191b   Thumb Code     2  stm32f4xx_hal_can.o(i.HAL_CAN_TxMailbox0CompleteCallback)
    HAL_CAN_TxMailbox1AbortCallback          0x0800191d   Thumb Code     2  stm32f4xx_hal_can.o(i.HAL_CAN_TxMailbox1AbortCallback)
    HAL_CAN_TxMailbox1CompleteCallback       0x0800191f   Thumb Code     2  stm32f4xx_hal_can.o(i.HAL_CAN_TxMailbox1CompleteCallback)
    HAL_CAN_TxMailbox2AbortCallback          0x08001921   Thumb Code     2  stm32f4xx_hal_can.o(i.HAL_CAN_TxMailbox2AbortCallback)
    HAL_CAN_TxMailbox2CompleteCallback       0x08001923   Thumb Code     2  stm32f4xx_hal_can.o(i.HAL_CAN_TxMailbox2CompleteCallback)
    HAL_CAN_WakeUpFromRxMsgCallback          0x08001925   Thumb Code     2  stm32f4xx_hal_can.o(i.HAL_CAN_WakeUpFromRxMsgCallback)
    HAL_DMA_Init                             0x08001929   Thumb Code   206  stm32f4xx_hal_dma.o(i.HAL_DMA_Init)
    HAL_DMA_Start_IT                         0x080019fd   Thumb Code   120  stm32f4xx_hal_dma.o(i.HAL_DMA_Start_IT)
    HAL_Delay                                0x08001a75   Thumb Code    32  stm32f4xx_hal.o(i.HAL_Delay)
    HAL_GPIO_Init                            0x08001a99   Thumb Code   388  stm32f4xx_hal_gpio.o(i.HAL_GPIO_Init)
    HAL_GetTick                              0x08001c49   Thumb Code     6  stm32f4xx_hal.o(i.HAL_GetTick)
    HAL_IncTick                              0x08001c55   Thumb Code    12  stm32f4xx_hal.o(i.HAL_IncTick)
    HAL_Init                                 0x08001c65   Thumb Code    48  stm32f4xx_hal.o(i.HAL_Init)
    HAL_InitTick                             0x08001c99   Thumb Code    54  stm32f4xx_hal.o(i.HAL_InitTick)
    HAL_MspInit                              0x08001cd9   Thumb Code     2  stm32f4xx_hal.o(i.HAL_MspInit)
    HAL_NVIC_EnableIRQ                       0x08001cdb   Thumb Code    22  stm32f4xx_hal_cortex.o(i.HAL_NVIC_EnableIRQ)
    HAL_NVIC_SetPriority                     0x08001cf1   Thumb Code    60  stm32f4xx_hal_cortex.o(i.HAL_NVIC_SetPriority)
    HAL_NVIC_SetPriorityGrouping             0x08001d31   Thumb Code    26  stm32f4xx_hal_cortex.o(i.HAL_NVIC_SetPriorityGrouping)
    HAL_PCD_ConnectCallback                  0x08001d55   Thumb Code     2  stm32f4xx_hal_pcd.o(i.HAL_PCD_ConnectCallback)
    HAL_PCD_DataInStageCallback              0x08001d57   Thumb Code     2  stm32f4xx_hal_pcd.o(i.HAL_PCD_DataInStageCallback)
    HAL_PCD_DataOutStageCallback             0x08001d59   Thumb Code     2  stm32f4xx_hal_pcd.o(i.HAL_PCD_DataOutStageCallback)
    HAL_PCD_DisconnectCallback               0x08001d5b   Thumb Code     2  stm32f4xx_hal_pcd.o(i.HAL_PCD_DisconnectCallback)
    HAL_PCD_IRQHandler                       0x08001d5d   Thumb Code  1196  stm32f4xx_hal_pcd.o(i.HAL_PCD_IRQHandler)
    HAL_PCD_ISOINIncompleteCallback          0x08002251   Thumb Code     2  stm32f4xx_hal_pcd.o(i.HAL_PCD_ISOINIncompleteCallback)
    HAL_PCD_ISOOUTIncompleteCallback         0x08002253   Thumb Code     2  stm32f4xx_hal_pcd.o(i.HAL_PCD_ISOOUTIncompleteCallback)
    HAL_PCD_ResetCallback                    0x08002255   Thumb Code     2  stm32f4xx_hal_pcd.o(i.HAL_PCD_ResetCallback)
    HAL_PCD_ResumeCallback                   0x08002257   Thumb Code     2  stm32f4xx_hal_pcd.o(i.HAL_PCD_ResumeCallback)
    HAL_PCD_SOFCallback                      0x08002259   Thumb Code     2  stm32f4xx_hal_pcd.o(i.HAL_PCD_SOFCallback)
    HAL_PCD_SetupStageCallback               0x0800225b   Thumb Code     2  stm32f4xx_hal_pcd.o(i.HAL_PCD_SetupStageCallback)
    HAL_PCD_SuspendCallback                  0x0800225d   Thumb Code     2  stm32f4xx_hal_pcd.o(i.HAL_PCD_SuspendCallback)
    HAL_RCC_ClockConfig                      0x08002261   Thumb Code   286  stm32f4xx_hal_rcc.o(i.HAL_RCC_ClockConfig)
    HAL_RCC_GetHCLKFreq                      0x08002391   Thumb Code     6  stm32f4xx_hal_rcc.o(i.HAL_RCC_GetHCLKFreq)
    HAL_RCC_GetPCLK1Freq                     0x0800239d   Thumb Code    20  stm32f4xx_hal_rcc.o(i.HAL_RCC_GetPCLK1Freq)
    HAL_RCC_GetPCLK2Freq                     0x080023bd   Thumb Code    20  stm32f4xx_hal_rcc.o(i.HAL_RCC_GetPCLK2Freq)
    HAL_RCC_GetSysClockFreq                  0x080023dd   Thumb Code    88  stm32f4xx_hal_rcc.o(i.HAL_RCC_GetSysClockFreq)
    HAL_RCC_OscConfig                        0x0800243d   Thumb Code   770  stm32f4xx_hal_rcc.o(i.HAL_RCC_OscConfig)
    HAL_SYSTICK_CLKSourceConfig              0x08002759   Thumb Code    24  stm32f4xx_hal_cortex.o(i.HAL_SYSTICK_CLKSourceConfig)
    HAL_SYSTICK_Config                       0x08002771   Thumb Code    40  stm32f4xx_hal_cortex.o(i.HAL_SYSTICK_Config)
    HAL_TIM_PWM_ConfigChannel                0x08002799   Thumb Code   208  stm32f4xx_hal_tim.o(i.HAL_TIM_PWM_ConfigChannel)
    HAL_TIM_PWM_Init                         0x08002869   Thumb Code    54  stm32f4xx_hal_tim.o(i.HAL_TIM_PWM_Init)
    HAL_TIM_PWM_MspInit                      0x080028a1   Thumb Code    56  led.o(i.HAL_TIM_PWM_MspInit)
    HAL_TIM_PWM_Start                        0x080028e5   Thumb Code    48  stm32f4xx_hal_tim.o(i.HAL_TIM_PWM_Start)
    HAL_UART_ErrorCallback                   0x0800291d   Thumb Code     2  stm32f4xx_hal_uart.o(i.HAL_UART_ErrorCallback)
    HAL_UART_Init                            0x0800291f   Thumb Code    98  stm32f4xx_hal_uart.o(i.HAL_UART_Init)
    HAL_UART_MspInit                         0x08002981   Thumb Code   568  usart1.o(i.HAL_UART_MspInit)
    HAL_UART_Receive_DMA                     0x08002be9   Thumb Code   138  stm32f4xx_hal_uart.o(i.HAL_UART_Receive_DMA)
    HAL_UART_RxCpltCallback                  0x08002c81   Thumb Code     2  stm32f4xx_hal_uart.o(i.HAL_UART_RxCpltCallback)
    HAL_UART_RxHalfCpltCallback              0x08002c83   Thumb Code     2  stm32f4xx_hal_uart.o(i.HAL_UART_RxHalfCpltCallback)
    HAL_UART_Transmit_DMA                    0x08002c85   Thumb Code   114  stm32f4xx_hal_uart.o(i.HAL_UART_Transmit_DMA)
    HAL_UART_TxCpltCallback                  0x08002d05   Thumb Code     2  stm32f4xx_hal_uart.o(i.HAL_UART_TxCpltCallback)
    HAL_UART_TxHalfCpltCallback              0x08002d07   Thumb Code     2  stm32f4xx_hal_uart.o(i.HAL_UART_TxHalfCpltCallback)
    HardFault_Handler                        0x08002d09   Thumb Code     2  stm32f4xx_it.o(i.HardFault_Handler)
    Judge_Receive                            0x08002d0d   Thumb Code   290  judg_info.o(i.Judge_Receive)
    LED_Init                                 0x08002e39   Thumb Code   120  led.o(i.LED_Init)
    MemManage_Handler                        0x08002ec1   Thumb Code     2  stm32f4xx_it.o(i.MemManage_Handler)
    NMI_Handler                              0x08002ec3   Thumb Code     2  stm32f4xx_it.o(i.NMI_Handler)
    OTG_FS_IRQHandler                        0x08002ee5   Thumb Code     6  stm32f4xx_it.o(i.OTG_FS_IRQHandler)
    PID_Calc                                 0x08002f79   Thumb Code   314  pid.o(i.PID_Calc)
    RED_LED                                  0x080030b9   Thumb Code     6  led.o(i.RED_LED)
    SBUS_TO_RC                               0x080030c5   Thumb Code   194  rc.o(i.SBUS_TO_RC)
    SysTick_Handler                          0x08003187   Thumb Code    14  stm32f4xx_it.o(i.SysTick_Handler)
    SystemClock_Config                       0x08003195   Thumb Code   152  main.o(i.SystemClock_Config)
    SystemInit                               0x08003235   Thumb Code    66  system_stm32f4xx.o(i.SystemInit)
    TIM_Base_SetConfig                       0x08003289   Thumb Code   148  stm32f4xx_hal_tim.o(i.TIM_Base_SetConfig)
    TIM_CCxChannelCmd                        0x08003349   Thumb Code    22  stm32f4xx_hal_tim.o(i.TIM_CCxChannelCmd)
    TIM_OC2_SetConfig                        0x080033b9   Thumb Code    90  stm32f4xx_hal_tim.o(i.TIM_OC2_SetConfig)
    USART1_Init                              0x08003871   Thumb Code    30  usart1.o(i.USART1_Init)
    USART2_IRQHandler                        0x08003899   Thumb Code   118  rc.o(i.USART2_IRQHandler)
    USART2_Init                              0x08003919   Thumb Code    84  rc.o(i.USART2_Init)
    USART3_IRQHandler                        0x08003979   Thumb Code    98  judg_info.o(i.USART3_IRQHandler)
    USART3_Init                              0x080039e5   Thumb Code    64  judg_info.o(i.USART3_Init)
    USART6_IRQHandler                        0x08003a2d   Thumb Code   206  auto_shoot.o(i.USART6_IRQHandler)
    USART6_Transmit                          0x08003b0d   Thumb Code    64  chassis_task.o(i.USART6_Transmit)
    USB_ActivateSetup                        0x08003b5d   Thumb Code    52  stm32f4xx_ll_usb.o(i.USB_ActivateSetup)
    USB_EP0_OutStart                         0x08003b91   Thumb Code    62  stm32f4xx_ll_usb.o(i.USB_EP0_OutStart)
    USB_FlushTxFifo                          0x08003bd1   Thumb Code    32  stm32f4xx_ll_usb.o(i.USB_FlushTxFifo)
    USB_GetDevSpeed                          0x08003bf5   Thumb Code    60  stm32f4xx_ll_usb.o(i.USB_GetDevSpeed)
    USB_GetMode                              0x08003c31   Thumb Code     8  stm32f4xx_ll_usb.o(i.USB_GetMode)
    USB_ReadDevAllInEpInterrupt              0x08003c39   Thumb Code    14  stm32f4xx_ll_usb.o(i.USB_ReadDevAllInEpInterrupt)
    USB_ReadDevAllOutEpInterrupt             0x08003c47   Thumb Code    14  stm32f4xx_ll_usb.o(i.USB_ReadDevAllOutEpInterrupt)
    USB_ReadDevInEPInterrupt                 0x08003c55   Thumb Code    30  stm32f4xx_ll_usb.o(i.USB_ReadDevInEPInterrupt)
    USB_ReadDevOutEPInterrupt                0x08003c73   Thumb Code    16  stm32f4xx_ll_usb.o(i.USB_ReadDevOutEPInterrupt)
    USB_ReadInterrupts                       0x08003c83   Thumb Code     8  stm32f4xx_ll_usb.o(i.USB_ReadInterrupts)
    USB_ReadPacket                           0x08003c8b   Thumb Code    32  stm32f4xx_ll_usb.o(i.USB_ReadPacket)
    USB_WritePacket                          0x08003cad   Thumb Code    40  stm32f4xx_ll_usb.o(i.USB_WritePacket)
    UsageFault_Handler                       0x08003cd5   Thumb Code     2  stm32f4xx_it.o(i.UsageFault_Handler)
    UserTask                                 0x08003cd9   Thumb Code    46  user_task.o(i.UserTask)
    Verify_CRC16_Check_Sum_1                 0x08003d0d   Thumb Code    54  judg_info.o(i.Verify_CRC16_Check_Sum_1)
    __scatterload_copy                       0x08003d49   Thumb Code    14  handlers.o(i.__scatterload_copy)
    __scatterload_null                       0x08003d57   Thumb Code     2  handlers.o(i.__scatterload_null)
    __scatterload_zeroinit                   0x08003d59   Thumb Code    14  handlers.o(i.__scatterload_zeroinit)
    chassis_init                             0x08003d69   Thumb Code    92  chassis_task.o(i.chassis_init)
    chassis_rc_to_control_vector             0x08003ddd   Thumb Code   126  chassis_task.o(i.chassis_rc_to_control_vector)
    chassis_set_contorl                      0x08003e71   Thumb Code    32  chassis_task.o(i.chassis_set_contorl)
    chassis_task                             0x08003e95   Thumb Code   306  chassis_task.o(i.chassis_task)
    first_order_filter_cali                  0x08003fed   Thumb Code    78  user_lib.o(i.first_order_filter_cali)
    first_order_filter_init                  0x0800403b   Thumb Code    18  user_lib.o(i.first_order_filter_init)
    get_GYRO_Measure_Point                   0x0800404d   Thumb Code     4  can_receive.o(i.get_GYRO_Measure_Point)
    get_Pitch_Gimbal_Motor_Measure_Point     0x08004055   Thumb Code     4  can_receive.o(i.get_Pitch_Gimbal_Motor_Measure_Point)
    get_Yaw_Gimbal_Motor_Measure_Point       0x0800405d   Thumb Code     4  can_receive.o(i.get_Yaw_Gimbal_Motor_Measure_Point)
    get_auto_shoot_point                     0x08004065   Thumb Code     4  auto_shoot.o(i.get_auto_shoot_point)
    get_gimbal_motor_measuer                 0x0800406d   Thumb Code   126  can_receive.o(i.get_gimbal_motor_measuer)
    get_remote_control_point                 0x080040f5   Thumb Code     4  rc.o(i.get_remote_control_point)
    main                                     0x080040fd   Thumb Code    22  main.o(i.main)
    osSystickHandler                         0x08004113   Thumb Code    20  cmsis_os.o(i.osSystickHandler)
    pvPortMalloc                             0x08004471   Thumb Code   210  heap_4.o(i.pvPortMalloc)
    pxPortInitialiseStack                    0x08004549   Thumb Code    40  port.o(i.pxPortInitialiseStack)
    ramp_calc                                0x08004575   Thumb Code    80  user_lib.o(i.ramp_calc)
    ramp_init                                0x080045c5   Thumb Code    26  user_lib.o(i.ramp_init)
    startTast                                0x080045e1   Thumb Code    24  start_task.o(i.startTast)
    start_task                               0x0800460d   Thumb Code    92  start_task.o(i.start_task)
    uxListRemove                             0x0800469d   Thumb Code    36  list.o(i.uxListRemove)
    uxTaskGetStackHighWaterMark              0x080046c1   Thumb Code    28  tasks.o(i.uxTaskGetStackHighWaterMark)
    vListInitialise                          0x080046e1   Thumb Code    22  list.o(i.vListInitialise)
    vListInitialiseItem                      0x080046f7   Thumb Code     6  list.o(i.vListInitialiseItem)
    vListInsert                              0x080046fd   Thumb Code    48  list.o(i.vListInsert)
    vListInsertEnd                           0x0800472d   Thumb Code    24  list.o(i.vListInsertEnd)
    vPortEnterCritical                       0x08004745   Thumb Code    54  port.o(i.vPortEnterCritical)
    vPortExitCritical                        0x08004785   Thumb Code    34  port.o(i.vPortExitCritical)
    vPortFree                                0x080047ad   Thumb Code    88  heap_4.o(i.vPortFree)
    vPortSetupTimerInterrupt                 0x08004809   Thumb Code    26  port.o(i.vPortSetupTimerInterrupt)
    vPortValidateInterruptPriority           0x08004829   Thumb Code    74  port.o(i.vPortValidateInterruptPriority)
    vTaskDelay                               0x0800487d   Thumb Code    66  tasks.o(i.vTaskDelay)
    vTaskDelete                              0x080048c9   Thumb Code   158  tasks.o(i.vTaskDelete)
    vTaskStartScheduler                      0x08004975   Thumb Code    86  tasks.o(i.vTaskStartScheduler)
    vTaskSuspendAll                          0x080049dd   Thumb Code    10  tasks.o(i.vTaskSuspendAll)
    vTaskSwitchContext                       0x080049ed   Thumb Code    82  tasks.o(i.vTaskSwitchContext)
    xPortStartScheduler                      0x08004a49   Thumb Code   202  port.o(i.xPortStartScheduler)
    xPortSysTickHandler                      0x08004b29   Thumb Code    38  port.o(i.xPortSysTickHandler)
    xTaskCreate                              0x08004b55   Thumb Code    86  tasks.o(i.xTaskCreate)
    xTaskGetSchedulerState                   0x08004bad   Thumb Code    22  tasks.o(i.xTaskGetSchedulerState)
    xTaskGetTickCount                        0x08004bc9   Thumb Code     6  tasks.o(i.xTaskGetTickCount)
    xTaskGetTickCountFromISR                 0x08004bd5   Thumb Code    12  tasks.o(i.xTaskGetTickCountFromISR)
    xTaskIncrementTick                       0x08004be5   Thumb Code   192  tasks.o(i.xTaskIncrementTick)
    xTaskResumeAll                           0x08004cad   Thumb Code   182  tasks.o(i.xTaskResumeAll)
    AHBPrescTable                            0x08004d78   Data          16  system_stm32f4xx.o(.constdata)
    APBPrescTable                            0x08004d88   Data           8  system_stm32f4xx.o(.constdata)
    CRC8_TAB_1                               0x08004d90   Data         256  judg_info.o(.constdata)
    wCRC_Table_1                             0x08004e90   Data         512  judg_info.o(.constdata)
    Region$$Table$$Base                      0x08005094   Number         0  anon$$obj.o(Region$$Table)
    Region$$Table$$Limit                     0x080050b4   Number         0  anon$$obj.o(Region$$Table)
    uwTickFreq                               0x20000000   Data           1  stm32f4xx_hal.o(.data)
    uwTickPrio                               0x20000004   Data           4  stm32f4xx_hal.o(.data)
    uwTick                                   0x20000008   Data           4  stm32f4xx_hal.o(.data)
    SystemCoreClock                          0x2000000c   Data           4  system_stm32f4xx.o(.data)
    pxCurrentTCB                             0x20000034   Data           4  tasks.o(.data)
    CRC_INIT_1                               0x20000070   Data           2  judg_info.o(.data)
    JudgeFrameCounter                        0x20000074   Data           4  judg_info.o(.data)
    JudgeFrameRate                           0x20000078   Data           4  judg_info.o(.data)
    GameRobotState                           0x2000007c   Data           8  judg_info.o(.data)
    GIMBALTask_Handler                       0x2000009c   Data           4  start_task.o(.data)
    ChassisTask_Handler                      0x200000a0   Data           4  start_task.o(.data)
    fric_power                               0x200000a9   Data           1  chassis_task.o(.data)
    chassis_high_water                       0x200000b4   Data           4  chassis_task.o(.data)
    chassis_dis                              0x200000c0   Data           4  chassis_task.o(.data)
    lose_rc                                  0x200000c4   Data           1  chassis_task.o(.data)
    UserTaskStack                            0x200000c8   Data           4  user_task.o(.data)
    autoshoot_open                           0x200000ce   Data           1  gimbal_task.o(.data)
    gimbal_high_water                        0x200000dc   Data           4  gimbal_task.o(.data)
    hpcd_USB_OTG_FS                          0x20003dd0   Data        1008  stm32f4xx_it.o(.bss)
    htim4                                    0x200041c0   Data          60  led.o(.bss)
    htim9                                    0x200041fc   Data          60  led.o(.bss)
    hcan1                                    0x20004238   Data          40  can.o(.bss)
    hcan2                                    0x20004260   Data          40  can.o(.bss)
    huart1                                   0x20004288   Data          64  usart1.o(.bss)
    UART2RxDMA_Handler                       0x200042c8   Data          96  usart1.o(.bss)
    UART3RxDMA_Handler                       0x20004328   Data          96  usart1.o(.bss)
    UART6RxDMA_Handler                       0x20004388   Data          96  usart1.o(.bss)
    UART6TxDMA_Handler                       0x200043e8   Data          96  usart1.o(.bss)
    huart2                                   0x20004448   Data          64  rc.o(.bss)
    huart6                                   0x200044ec   Data          64  auto_shoot.o(.bss)
    JudgeDataBuffer                          0x200045a8   Data         150  judg_info.o(.bss)
    InfantryJudge                            0x20004640   Data          32  judg_info.o(.bss)
    bullet_data                              0x20004660   Data          10  judg_info.o(.bss)
    huart3                                   0x2000466c   Data          64  judg_info.o(.bss)
    chassis_move                             0x20004710   Data         120  chassis_task.o(.bss)
    __initial_sp                             0x20004d98   Data           0  startup_stm32f407xx.o(STACK)



==============================================================================

Memory Map of the image

  Image Entry point : 0x08000189

  Load Region LR_IROM1 (Base: 0x08000000, Size: 0x00005194, Max: 0x00080000, ABSOLUTE)

    Execution Region ER_IROM1 (Exec base: 0x08000000, Load base: 0x08000000, Size: 0x000050b4, Max: 0x00080000, ABSOLUTE)

    Exec Addr    Load Addr    Size         Type   Attr      Idx    E Section Name        Object

    0x08000000   0x08000000   0x00000188   Data   RO            3    RESET               startup_stm32f407xx.o
    0x08000188   0x08000188   0x00000000   Code   RO         6925  * .ARM.Collect$$$$00000000  mc_w.l(entry.o)
    0x08000188   0x08000188   0x00000004   Code   RO         6952    .ARM.Collect$$$$00000001  mc_w.l(entry2.o)
    0x0800018c   0x0800018c   0x00000004   Code   RO         6955    .ARM.Collect$$$$00000004  mc_w.l(entry5.o)
    0x08000190   0x08000190   0x00000000   Code   RO         6957    .ARM.Collect$$$$00000008  mc_w.l(entry7b.o)
    0x08000190   0x08000190   0x00000000   Code   RO         6959    .ARM.Collect$$$$0000000A  mc_w.l(entry8b.o)
    0x08000190   0x08000190   0x00000008   Code   RO         6960    .ARM.Collect$$$$0000000B  mc_w.l(entry9a.o)
    0x08000198   0x08000198   0x00000000   Code   RO         6962    .ARM.Collect$$$$0000000D  mc_w.l(entry10a.o)
    0x08000198   0x08000198   0x00000000   Code   RO         6964    .ARM.Collect$$$$0000000F  mc_w.l(entry11a.o)
    0x08000198   0x08000198   0x00000004   Code   RO         6953    .ARM.Collect$$$$00002712  mc_w.l(entry2.o)
    0x0800019c   0x0800019c   0x000000ba   Code   RO         5407    .emb_text           port.o
    0x08000256   0x08000256   0x00000002   PAD
    0x08000258   0x08000258   0x00000024   Code   RO            4    .text               startup_stm32f407xx.o
    0x0800027c   0x0800027c   0x00000062   Code   RO         6928    .text               mc_w.l(uldiv.o)
    0x080002de   0x080002de   0x00000024   Code   RO         6932    .text               mc_w.l(memseta.o)
    0x08000302   0x08000302   0x0000014e   Code   RO         6936    .text               mf_w.l(dadd.o)
    0x08000450   0x08000450   0x000000e4   Code   RO         6938    .text               mf_w.l(dmul.o)
    0x08000534   0x08000534   0x00000022   Code   RO         6940    .text               mf_w.l(dflti.o)
    0x08000556   0x08000556   0x0000003e   Code   RO         6942    .text               mf_w.l(dfixi.o)
    0x08000594   0x08000594   0x00000026   Code   RO         6944    .text               mf_w.l(f2d.o)
    0x080005ba   0x080005ba   0x00000002   PAD
    0x080005bc   0x080005bc   0x00000030   Code   RO         6946    .text               mf_w.l(cdcmple.o)
    0x080005ec   0x080005ec   0x00000030   Code   RO         6948    .text               mf_w.l(cdrcmple.o)
    0x0800061c   0x0800061c   0x00000038   Code   RO         6950    .text               mf_w.l(d2f.o)
    0x08000654   0x08000654   0x0000001e   Code   RO         6966    .text               mc_w.l(llshl.o)
    0x08000672   0x08000672   0x00000020   Code   RO         6968    .text               mc_w.l(llushr.o)
    0x08000692   0x08000692   0x00000024   Code   RO         6970    .text               mc_w.l(llsshr.o)
    0x080006b6   0x080006b6   0x00000000   Code   RO         6972    .text               mc_w.l(iusefp.o)
    0x080006b6   0x080006b6   0x0000006e   Code   RO         6973    .text               mf_w.l(fepilogue.o)
    0x08000724   0x08000724   0x000000ba   Code   RO         6975    .text               mf_w.l(depilogue.o)
    0x080007de   0x080007de   0x00000002   PAD
    0x080007e0   0x080007e0   0x00000024   Code   RO         6977    .text               mc_w.l(init.o)
    0x08000804   0x08000804   0x0000005c   Code   RO         6299    i.Auto_Shoot_Init   auto_shoot.o
    0x08000860   0x08000860   0x0000003c   Code   RO         5809    i.BSP_init          main.o
    0x0800089c   0x0800089c   0x00000002   Code   RO         5890    i.BusFault_Handler  stm32f4xx_it.o
    0x0800089e   0x0800089e   0x00000002   PAD
    0x080008a0   0x080008a0   0x0000006c   Code   RO         6137    i.CAN1_Init         can.o
    0x0800090c   0x0800090c   0x0000000c   Code   RO         6138    i.CAN1_RX0_IRQHandler  can.o
    0x08000918   0x08000918   0x0000006c   Code   RO         6139    i.CAN2_Init         can.o
    0x08000984   0x08000984   0x0000000c   Code   RO         6140    i.CAN2_RX0_IRQHandler  can.o
    0x08000990   0x08000990   0x00000068   Code   RO         6429    i.CAN_CMD_CHASSIS   can_receive.o
    0x080009f8   0x080009f8   0x00000018   Code   RO         6431    i.CAN_CMD_GYRO_CALI  can_receive.o
    0x08000a10   0x08000a10   0x00000028   Code   RO         1521    i.DMA_CalcBaseAndBitshift  stm32f4xx_hal_dma.o
    0x08000a38   0x08000a38   0x00000054   Code   RO         1522    i.DMA_CheckFifoParam  stm32f4xx_hal_dma.o
    0x08000a8c   0x08000a8c   0x00000028   Code   RO         1523    i.DMA_SetConfig     stm32f4xx_hal_dma.o
    0x08000ab4   0x08000ab4   0x00000002   Code   RO         5891    i.DebugMon_Handler  stm32f4xx_it.o
    0x08000ab6   0x08000ab6   0x00000002   PAD
    0x08000ab8   0x08000ab8   0x000000b4   Code   RO         6083    i.FRIC_Init         led.o
    0x08000b6c   0x08000b6c   0x00000028   Code   RO         6860    i.GIMBAL_Feedback_Update  gimbal_task.o
    0x08000b94   0x08000b94   0x000000f0   Code   RO         6861    i.GIMBAL_Init       gimbal_task.o
    0x08000c84   0x08000c84   0x00000018   Code   RO         6862    i.GIMBAL_PID_Init   gimbal_task.o
    0x08000c9c   0x08000c9c   0x000000c0   Code   RO         6863    i.GIMBAL_control_loop  gimbal_task.o
    0x08000d5c   0x08000d5c   0x00000284   Code   RO         6864    i.GIMBAL_set_contorl  gimbal_task.o
    0x08000fe0   0x08000fe0   0x0000003c   Code   RO         6865    i.GIMBAL_task       gimbal_task.o
    0x0800101c   0x0800101c   0x0000000c   Code   RO         6084    i.GREEN_LED         led.o
    0x08001028   0x08001028   0x0000002c   Code   RO         6344    i.Get_CRC16_Check_Sum_1  judg_info.o
    0x08001054   0x08001054   0x00000028   Code   RO         2350    i.HAL_CAN_ActivateNotification  stm32f4xx_hal_can.o
    0x0800107c   0x0800107c   0x000000c8   Code   RO         2351    i.HAL_CAN_AddTxMessage  stm32f4xx_hal_can.o
    0x08001144   0x08001144   0x0000010c   Code   RO         2352    i.HAL_CAN_ConfigFilter  stm32f4xx_hal_can.o
    0x08001250   0x08001250   0x00000002   Code   RO         2355    i.HAL_CAN_ErrorCallback  stm32f4xx_hal_can.o
    0x08001252   0x08001252   0x000000fa   Code   RO         2358    i.HAL_CAN_GetRxMessage  stm32f4xx_hal_can.o
    0x0800134c   0x0800134c   0x000001fc   Code   RO         2362    i.HAL_CAN_IRQHandler  stm32f4xx_hal_can.o
    0x08001548   0x08001548   0x0000011a   Code   RO         2363    i.HAL_CAN_Init      stm32f4xx_hal_can.o
    0x08001662   0x08001662   0x00000002   PAD
    0x08001664   0x08001664   0x000000c0   Code   RO         6141    i.HAL_CAN_MspInit   can.o
    0x08001724   0x08001724   0x00000002   Code   RO         2370    i.HAL_CAN_RxFifo0FullCallback  stm32f4xx_hal_can.o
    0x08001726   0x08001726   0x00000002   PAD
    0x08001728   0x08001728   0x00000190   Code   RO         6433    i.HAL_CAN_RxFifo0MsgPendingCallback  can_receive.o
    0x080018b8   0x080018b8   0x00000002   Code   RO         2372    i.HAL_CAN_RxFifo1FullCallback  stm32f4xx_hal_can.o
    0x080018ba   0x080018ba   0x00000002   Code   RO         2373    i.HAL_CAN_RxFifo1MsgPendingCallback  stm32f4xx_hal_can.o
    0x080018bc   0x080018bc   0x00000002   Code   RO         2374    i.HAL_CAN_SleepCallback  stm32f4xx_hal_can.o
    0x080018be   0x080018be   0x00000002   PAD
    0x080018c0   0x080018c0   0x00000058   Code   RO         2375    i.HAL_CAN_Start     stm32f4xx_hal_can.o
    0x08001918   0x08001918   0x00000002   Code   RO         2377    i.HAL_CAN_TxMailbox0AbortCallback  stm32f4xx_hal_can.o
    0x0800191a   0x0800191a   0x00000002   Code   RO         2378    i.HAL_CAN_TxMailbox0CompleteCallback  stm32f4xx_hal_can.o
    0x0800191c   0x0800191c   0x00000002   Code   RO         2379    i.HAL_CAN_TxMailbox1AbortCallback  stm32f4xx_hal_can.o
    0x0800191e   0x0800191e   0x00000002   Code   RO         2380    i.HAL_CAN_TxMailbox1CompleteCallback  stm32f4xx_hal_can.o
    0x08001920   0x08001920   0x00000002   Code   RO         2381    i.HAL_CAN_TxMailbox2AbortCallback  stm32f4xx_hal_can.o
    0x08001922   0x08001922   0x00000002   Code   RO         2382    i.HAL_CAN_TxMailbox2CompleteCallback  stm32f4xx_hal_can.o
    0x08001924   0x08001924   0x00000002   Code   RO         2384    i.HAL_CAN_WakeUpFromRxMsgCallback  stm32f4xx_hal_can.o
    0x08001926   0x08001926   0x00000002   PAD
    0x08001928   0x08001928   0x000000d4   Code   RO         1530    i.HAL_DMA_Init      stm32f4xx_hal_dma.o
    0x080019fc   0x080019fc   0x00000078   Code   RO         1534    i.HAL_DMA_Start_IT  stm32f4xx_hal_dma.o
    0x08001a74   0x08001a74   0x00000024   Code   RO           20    i.HAL_Delay         stm32f4xx_hal.o
    0x08001a98   0x08001a98   0x000001b0   Code   RO         4587    i.HAL_GPIO_Init     stm32f4xx_hal_gpio.o
    0x08001c48   0x08001c48   0x0000000c   Code   RO           26    i.HAL_GetTick       stm32f4xx_hal.o
    0x08001c54   0x08001c54   0x00000010   Code   RO           30    i.HAL_IncTick       stm32f4xx_hal.o
    0x08001c64   0x08001c64   0x00000034   Code   RO           31    i.HAL_Init          stm32f4xx_hal.o
    0x08001c98   0x08001c98   0x00000040   Code   RO           32    i.HAL_InitTick      stm32f4xx_hal.o
    0x08001cd8   0x08001cd8   0x00000002   Code   RO           34    i.HAL_MspInit       stm32f4xx_hal.o
    0x08001cda   0x08001cda   0x00000016   Code   RO         1391    i.HAL_NVIC_EnableIRQ  stm32f4xx_hal_cortex.o
    0x08001cf0   0x08001cf0   0x00000040   Code   RO         1397    i.HAL_NVIC_SetPriority  stm32f4xx_hal_cortex.o
    0x08001d30   0x08001d30   0x00000024   Code   RO         1398    i.HAL_NVIC_SetPriorityGrouping  stm32f4xx_hal_cortex.o
    0x08001d54   0x08001d54   0x00000002   Code   RO         1798    i.HAL_PCD_ConnectCallback  stm32f4xx_hal_pcd.o
    0x08001d56   0x08001d56   0x00000002   Code   RO         1799    i.HAL_PCD_DataInStageCallback  stm32f4xx_hal_pcd.o
    0x08001d58   0x08001d58   0x00000002   Code   RO         1800    i.HAL_PCD_DataOutStageCallback  stm32f4xx_hal_pcd.o
    0x08001d5a   0x08001d5a   0x00000002   Code   RO         1805    i.HAL_PCD_DisconnectCallback  stm32f4xx_hal_pcd.o
    0x08001d5c   0x08001d5c   0x000004f4   Code   RO         1815    i.HAL_PCD_IRQHandler  stm32f4xx_hal_pcd.o
    0x08002250   0x08002250   0x00000002   Code   RO         1816    i.HAL_PCD_ISOINIncompleteCallback  stm32f4xx_hal_pcd.o
    0x08002252   0x08002252   0x00000002   Code   RO         1817    i.HAL_PCD_ISOOUTIncompleteCallback  stm32f4xx_hal_pcd.o
    0x08002254   0x08002254   0x00000002   Code   RO         1821    i.HAL_PCD_ResetCallback  stm32f4xx_hal_pcd.o
    0x08002256   0x08002256   0x00000002   Code   RO         1822    i.HAL_PCD_ResumeCallback  stm32f4xx_hal_pcd.o
    0x08002258   0x08002258   0x00000002   Code   RO         1823    i.HAL_PCD_SOFCallback  stm32f4xx_hal_pcd.o
    0x0800225a   0x0800225a   0x00000002   Code   RO         1825    i.HAL_PCD_SetupStageCallback  stm32f4xx_hal_pcd.o
    0x0800225c   0x0800225c   0x00000002   Code   RO         1828    i.HAL_PCD_SuspendCallback  stm32f4xx_hal_pcd.o
    0x0800225e   0x0800225e   0x00000002   PAD
    0x08002260   0x08002260   0x00000130   Code   RO          372    i.HAL_RCC_ClockConfig  stm32f4xx_hal_rcc.o
    0x08002390   0x08002390   0x0000000c   Code   RO          377    i.HAL_RCC_GetHCLKFreq  stm32f4xx_hal_rcc.o
    0x0800239c   0x0800239c   0x00000020   Code   RO          379    i.HAL_RCC_GetPCLK1Freq  stm32f4xx_hal_rcc.o
    0x080023bc   0x080023bc   0x00000020   Code   RO          380    i.HAL_RCC_GetPCLK2Freq  stm32f4xx_hal_rcc.o
    0x080023dc   0x080023dc   0x00000060   Code   RO          381    i.HAL_RCC_GetSysClockFreq  stm32f4xx_hal_rcc.o
    0x0800243c   0x0800243c   0x0000031c   Code   RO          384    i.HAL_RCC_OscConfig  stm32f4xx_hal_rcc.o
    0x08002758   0x08002758   0x00000018   Code   RO         1400    i.HAL_SYSTICK_CLKSourceConfig  stm32f4xx_hal_cortex.o
    0x08002770   0x08002770   0x00000028   Code   RO         1402    i.HAL_SYSTICK_Config  stm32f4xx_hal_cortex.o
    0x08002798   0x08002798   0x000000d0   Code   RO          559    i.HAL_TIM_PWM_ConfigChannel  stm32f4xx_hal_tim.o
    0x08002868   0x08002868   0x00000036   Code   RO          562    i.HAL_TIM_PWM_Init  stm32f4xx_hal_tim.o
    0x0800289e   0x0800289e   0x00000002   PAD
    0x080028a0   0x080028a0   0x00000044   Code   RO         6085    i.HAL_TIM_PWM_MspInit  led.o
    0x080028e4   0x080028e4   0x00000038   Code   RO          566    i.HAL_TIM_PWM_Start  stm32f4xx_hal_tim.o
    0x0800291c   0x0800291c   0x00000002   Code   RO         3803    i.HAL_UART_ErrorCallback  stm32f4xx_hal_uart.o
    0x0800291e   0x0800291e   0x00000062   Code   RO         3807    i.HAL_UART_Init     stm32f4xx_hal_uart.o
    0x08002980   0x08002980   0x00000268   Code   RO         6191    i.HAL_UART_MspInit  usart1.o
    0x08002be8   0x08002be8   0x00000098   Code   RO         3811    i.HAL_UART_Receive_DMA  stm32f4xx_hal_uart.o
    0x08002c80   0x08002c80   0x00000002   Code   RO         3813    i.HAL_UART_RxCpltCallback  stm32f4xx_hal_uart.o
    0x08002c82   0x08002c82   0x00000002   Code   RO         3814    i.HAL_UART_RxHalfCpltCallback  stm32f4xx_hal_uart.o
    0x08002c84   0x08002c84   0x00000080   Code   RO         3816    i.HAL_UART_Transmit_DMA  stm32f4xx_hal_uart.o
    0x08002d04   0x08002d04   0x00000002   Code   RO         3818    i.HAL_UART_TxCpltCallback  stm32f4xx_hal_uart.o
    0x08002d06   0x08002d06   0x00000002   Code   RO         3819    i.HAL_UART_TxHalfCpltCallback  stm32f4xx_hal_uart.o
    0x08002d08   0x08002d08   0x00000002   Code   RO         5892    i.HardFault_Handler  stm32f4xx_it.o
    0x08002d0a   0x08002d0a   0x00000002   PAD
    0x08002d0c   0x08002d0c   0x0000012c   Code   RO         6347    i.Judge_Receive     judg_info.o
    0x08002e38   0x08002e38   0x00000088   Code   RO         6086    i.LED_Init          led.o
    0x08002ec0   0x08002ec0   0x00000002   Code   RO         5893    i.MemManage_Handler  stm32f4xx_it.o
    0x08002ec2   0x08002ec2   0x00000002   Code   RO         5894    i.NMI_Handler       stm32f4xx_it.o
    0x08002ec4   0x08002ec4   0x00000020   Code   RO         1404    i.NVIC_SetPriority  stm32f4xx_hal_cortex.o
    0x08002ee4   0x08002ee4   0x0000000c   Code   RO         5895    i.OTG_FS_IRQHandler  stm32f4xx_it.o
    0x08002ef0   0x08002ef0   0x00000088   Code   RO         1829    i.PCD_WriteEmptyTxFifo  stm32f4xx_hal_pcd.o
    0x08002f78   0x08002f78   0x00000140   Code   RO         6797    i.PID_Calc          pid.o
    0x080030b8   0x080030b8   0x0000000c   Code   RO         6087    i.RED_LED           led.o
    0x080030c4   0x080030c4   0x000000c2   Code   RO         6250    i.SBUS_TO_RC        rc.o
    0x08003186   0x08003186   0x0000000e   Code   RO         5896    i.SysTick_Handler   stm32f4xx_it.o
    0x08003194   0x08003194   0x000000a0   Code   RO         5810    i.SystemClock_Config  main.o
    0x08003234   0x08003234   0x00000054   Code   RO         4651    i.SystemInit        system_stm32f4xx.o
    0x08003288   0x08003288   0x000000c0   Code   RO          577    i.TIM_Base_SetConfig  stm32f4xx_hal_tim.o
    0x08003348   0x08003348   0x00000016   Code   RO          578    i.TIM_CCxChannelCmd  stm32f4xx_hal_tim.o
    0x0800335e   0x0800335e   0x00000002   PAD
    0x08003360   0x08003360   0x00000058   Code   RO          586    i.TIM_OC1_SetConfig  stm32f4xx_hal_tim.o
    0x080033b8   0x080033b8   0x00000064   Code   RO          587    i.TIM_OC2_SetConfig  stm32f4xx_hal_tim.o
    0x0800341c   0x0800341c   0x00000060   Code   RO          588    i.TIM_OC3_SetConfig  stm32f4xx_hal_tim.o
    0x0800347c   0x0800347c   0x00000050   Code   RO          589    i.TIM_OC4_SetConfig  stm32f4xx_hal_tim.o
    0x080034cc   0x080034cc   0x0000004a   Code   RO         3821    i.UART_DMAError     stm32f4xx_hal_uart.o
    0x08003516   0x08003516   0x0000003c   Code   RO         3822    i.UART_DMAReceiveCplt  stm32f4xx_hal_uart.o
    0x08003552   0x08003552   0x0000000a   Code   RO         3824    i.UART_DMARxHalfCplt  stm32f4xx_hal_uart.o
    0x0800355c   0x0800355c   0x0000002e   Code   RO         3826    i.UART_DMATransmitCplt  stm32f4xx_hal_uart.o
    0x0800358a   0x0800358a   0x0000000a   Code   RO         3828    i.UART_DMATxHalfCplt  stm32f4xx_hal_uart.o
    0x08003594   0x08003594   0x0000001c   Code   RO         3830    i.UART_EndRxTransfer  stm32f4xx_hal_uart.o
    0x080035b0   0x080035b0   0x00000012   Code   RO         3831    i.UART_EndTxTransfer  stm32f4xx_hal_uart.o
    0x080035c2   0x080035c2   0x00000002   PAD
    0x080035c4   0x080035c4   0x000002ac   Code   RO         3833    i.UART_SetConfig    stm32f4xx_hal_uart.o
    0x08003870   0x08003870   0x00000028   Code   RO         6193    i.USART1_Init       usart1.o
    0x08003898   0x08003898   0x00000080   Code   RO         6251    i.USART2_IRQHandler  rc.o
    0x08003918   0x08003918   0x00000060   Code   RO         6252    i.USART2_Init       rc.o
    0x08003978   0x08003978   0x0000006c   Code   RO         6348    i.USART3_IRQHandler  judg_info.o
    0x080039e4   0x080039e4   0x00000048   Code   RO         6349    i.USART3_Init       judg_info.o
    0x08003a2c   0x08003a2c   0x000000e0   Code   RO         6300    i.USART6_IRQHandler  auto_shoot.o
    0x08003b0c   0x08003b0c   0x00000050   Code   RO         6698    i.USART6_Transmit   chassis_task.o
    0x08003b5c   0x08003b5c   0x00000034   Code   RO         2014    i.USB_ActivateSetup  stm32f4xx_ll_usb.o
    0x08003b90   0x08003b90   0x0000003e   Code   RO         2027    i.USB_EP0_OutStart  stm32f4xx_ll_usb.o
    0x08003bce   0x08003bce   0x00000002   PAD
    0x08003bd0   0x08003bd0   0x00000024   Code   RO         2033    i.USB_FlushTxFifo   stm32f4xx_ll_usb.o
    0x08003bf4   0x08003bf4   0x0000003c   Code   RO         2035    i.USB_GetDevSpeed   stm32f4xx_ll_usb.o
    0x08003c30   0x08003c30   0x00000008   Code   RO         2037    i.USB_GetMode       stm32f4xx_ll_usb.o
    0x08003c38   0x08003c38   0x0000000e   Code   RO         2044    i.USB_ReadDevAllInEpInterrupt  stm32f4xx_ll_usb.o
    0x08003c46   0x08003c46   0x0000000e   Code   RO         2045    i.USB_ReadDevAllOutEpInterrupt  stm32f4xx_ll_usb.o
    0x08003c54   0x08003c54   0x0000001e   Code   RO         2046    i.USB_ReadDevInEPInterrupt  stm32f4xx_ll_usb.o
    0x08003c72   0x08003c72   0x00000010   Code   RO         2047    i.USB_ReadDevOutEPInterrupt  stm32f4xx_ll_usb.o
    0x08003c82   0x08003c82   0x00000008   Code   RO         2048    i.USB_ReadInterrupts  stm32f4xx_ll_usb.o
    0x08003c8a   0x08003c8a   0x00000020   Code   RO         2049    i.USB_ReadPacket    stm32f4xx_ll_usb.o
    0x08003caa   0x08003caa   0x00000002   PAD
    0x08003cac   0x08003cac   0x00000028   Code   RO         2056    i.USB_WritePacket   stm32f4xx_ll_usb.o
    0x08003cd4   0x08003cd4   0x00000002   Code   RO         5897    i.UsageFault_Handler  stm32f4xx_it.o
    0x08003cd6   0x08003cd6   0x00000002   PAD
    0x08003cd8   0x08003cd8   0x00000034   Code   RO         6833    i.UserTask          user_task.o
    0x08003d0c   0x08003d0c   0x0000003c   Code   RO         6350    i.Verify_CRC16_Check_Sum_1  judg_info.o
    0x08003d48   0x08003d48   0x0000000e   Code   RO         6981    i.__scatterload_copy  mc_w.l(handlers.o)
    0x08003d56   0x08003d56   0x00000002   Code   RO         6982    i.__scatterload_null  mc_w.l(handlers.o)
    0x08003d58   0x08003d58   0x0000000e   Code   RO         6983    i.__scatterload_zeroinit  mc_w.l(handlers.o)
    0x08003d66   0x08003d66   0x00000002   PAD
    0x08003d68   0x08003d68   0x00000074   Code   RO         6699    i.chassis_init      chassis_task.o
    0x08003ddc   0x08003ddc   0x00000094   Code   RO         6700    i.chassis_rc_to_control_vector  chassis_task.o
    0x08003e70   0x08003e70   0x00000024   Code   RO         6701    i.chassis_set_contorl  chassis_task.o
    0x08003e94   0x08003e94   0x00000158   Code   RO         6702    i.chassis_task      chassis_task.o
    0x08003fec   0x08003fec   0x0000004e   Code   RO         5975    i.first_order_filter_cali  user_lib.o
    0x0800403a   0x0800403a   0x00000012   Code   RO         5976    i.first_order_filter_init  user_lib.o
    0x0800404c   0x0800404c   0x00000008   Code   RO         6434    i.get_GYRO_Measure_Point  can_receive.o
    0x08004054   0x08004054   0x00000008   Code   RO         6435    i.get_Pitch_Gimbal_Motor_Measure_Point  can_receive.o
    0x0800405c   0x0800405c   0x00000008   Code   RO         6437    i.get_Yaw_Gimbal_Motor_Measure_Point  can_receive.o
    0x08004064   0x08004064   0x00000008   Code   RO         6301    i.get_auto_shoot_point  auto_shoot.o
    0x0800406c   0x0800406c   0x00000088   Code   RO         6438    i.get_gimbal_motor_measuer  can_receive.o
    0x080040f4   0x080040f4   0x00000008   Code   RO         6253    i.get_remote_control_point  rc.o
    0x080040fc   0x080040fc   0x00000016   Code   RO         5812    i.main              main.o
    0x08004112   0x08004112   0x00000014   Code   RO         4993    i.osSystickHandler  cmsis_os.o
    0x08004126   0x08004126   0x00000002   PAD
    0x08004128   0x08004128   0x00000070   Code   RO         5485    i.prvAddCurrentTaskToDelayedList  tasks.o
    0x08004198   0x08004198   0x000000d0   Code   RO         5486    i.prvAddNewTaskToReadyList  tasks.o
    0x08004268   0x08004268   0x00000050   Code   RO         5487    i.prvCheckTasksWaitingTermination  tasks.o
    0x080042b8   0x080042b8   0x00000014   Code   RO         5488    i.prvDeleteTCB      tasks.o
    0x080042cc   0x080042cc   0x0000004c   Code   RO         5346    i.prvHeapInit       heap_4.o
    0x08004318   0x08004318   0x00000028   Code   RO         5489    i.prvIdleTask       tasks.o
    0x08004340   0x08004340   0x0000009c   Code   RO         5490    i.prvInitialiseNewTask  tasks.o
    0x080043dc   0x080043dc   0x0000004c   Code   RO         5347    i.prvInsertBlockIntoFreeList  heap_4.o
    0x08004428   0x08004428   0x00000020   Code   RO         5491    i.prvResetNextTaskUnblockTime  tasks.o
    0x08004448   0x08004448   0x00000028   Code   RO         5408    i.prvTaskExitError  port.o
    0x08004470   0x08004470   0x000000d8   Code   RO         5348    i.pvPortMalloc      heap_4.o
    0x08004548   0x08004548   0x0000002c   Code   RO         5409    i.pxPortInitialiseStack  port.o
    0x08004574   0x08004574   0x00000050   Code   RO         5983    i.ramp_calc         user_lib.o
    0x080045c4   0x080045c4   0x0000001a   Code   RO         5984    i.ramp_init         user_lib.o
    0x080045de   0x080045de   0x00000002   PAD
    0x080045e0   0x080045e0   0x0000002c   Code   RO         6641    i.startTast         start_task.o
    0x0800460c   0x0800460c   0x00000090   Code   RO         6642    i.start_task        start_task.o
    0x0800469c   0x0800469c   0x00000024   Code   RO         5770    i.uxListRemove      list.o
    0x080046c0   0x080046c0   0x00000020   Code   RO         5496    i.uxTaskGetStackHighWaterMark  tasks.o
    0x080046e0   0x080046e0   0x00000016   Code   RO         5771    i.vListInitialise   list.o
    0x080046f6   0x080046f6   0x00000006   Code   RO         5772    i.vListInitialiseItem  list.o
    0x080046fc   0x080046fc   0x00000030   Code   RO         5773    i.vListInsert       list.o
    0x0800472c   0x0800472c   0x00000018   Code   RO         5774    i.vListInsertEnd    list.o
    0x08004744   0x08004744   0x00000040   Code   RO         5411    i.vPortEnterCritical  port.o
    0x08004784   0x08004784   0x00000028   Code   RO         5412    i.vPortExitCritical  port.o
    0x080047ac   0x080047ac   0x0000005c   Code   RO         5349    i.vPortFree         heap_4.o
    0x08004808   0x08004808   0x00000020   Code   RO         5413    i.vPortSetupTimerInterrupt  port.o
    0x08004828   0x08004828   0x00000054   Code   RO         5414    i.vPortValidateInterruptPriority  port.o
    0x0800487c   0x0800487c   0x0000004c   Code   RO         5500    i.vTaskDelay        tasks.o
    0x080048c8   0x080048c8   0x000000ac   Code   RO         5501    i.vTaskDelete       tasks.o
    0x08004974   0x08004974   0x00000068   Code   RO         5511    i.vTaskStartScheduler  tasks.o
    0x080049dc   0x080049dc   0x00000010   Code   RO         5513    i.vTaskSuspendAll   tasks.o
    0x080049ec   0x080049ec   0x0000005c   Code   RO         5514    i.vTaskSwitchContext  tasks.o
    0x08004a48   0x08004a48   0x000000e0   Code   RO         5415    i.xPortStartScheduler  port.o
    0x08004b28   0x08004b28   0x0000002c   Code   RO         5416    i.xPortSysTickHandler  port.o
    0x08004b54   0x08004b54   0x00000056   Code   RO         5516    i.xTaskCreate       tasks.o
    0x08004baa   0x08004baa   0x00000002   PAD
    0x08004bac   0x08004bac   0x0000001c   Code   RO         5520    i.xTaskGetSchedulerState  tasks.o
    0x08004bc8   0x08004bc8   0x0000000c   Code   RO         5521    i.xTaskGetTickCount  tasks.o
    0x08004bd4   0x08004bd4   0x00000010   Code   RO         5522    i.xTaskGetTickCountFromISR  tasks.o
    0x08004be4   0x08004be4   0x000000c8   Code   RO         5523    i.xTaskIncrementTick  tasks.o
    0x08004cac   0x08004cac   0x000000c4   Code   RO         5529    i.xTaskResumeAll    tasks.o
    0x08004d70   0x08004d70   0x00000008   Data   RO         1536    .constdata          stm32f4xx_hal_dma.o
    0x08004d78   0x08004d78   0x00000010   Data   RO         4652    .constdata          system_stm32f4xx.o
    0x08004d88   0x08004d88   0x00000008   Data   RO         4653    .constdata          system_stm32f4xx.o
    0x08004d90   0x08004d90   0x00000300   Data   RO         6354    .constdata          judg_info.o
    0x08005090   0x08005090   0x00000004   Data   RO         6704    .constdata          chassis_task.o
    0x08005094   0x08005094   0x00000020   Data   RO         6979    Region$$Table       anon$$obj.o


    Execution Region RW_IRAM1 (Exec base: 0x20000000, Load base: 0x080050b4, Size: 0x00004d98, Max: 0x00020000, ABSOLUTE)

    Exec Addr    Load Addr    Size         Type   Attr      Idx    E Section Name        Object

    0x20000000   0x080050b4   0x0000000c   Data   RW           38    .data               stm32f4xx_hal.o
    0x2000000c   0x080050c0   0x00000004   Data   RW         4654    .data               system_stm32f4xx.o
    0x20000010   0x080050c4   0x00000018   Data   RW         5354    .data               heap_4.o
    0x20000028   0x080050dc   0x0000000c   Data   RW         5417    .data               port.o
    0x20000034   0x080050e8   0x0000003c   Data   RW         5532    .data               tasks.o
    0x20000070   0x08005124   0x00000014   Data   RW         6355    .data               judg_info.o
    0x20000084   0x08005138   0x00000014   Data   RW         6440    .data               can_receive.o
    0x20000098   0x0800514c   0x00000010   Data   RW         6643    .data               start_task.o
    0x200000a8   0x0800515c   0x00000017   Data   RW         6705    .data               chassis_task.o
    0x200000bf   0x08005173   0x00000001   PAD
    0x200000c0   0x08005174   0x00000004   Data   RW         6706    .data               chassis_task.o
    0x200000c4   0x08005178   0x00000001   Data   RW         6707    .data               chassis_task.o
    0x200000c5   0x08005179   0x00000003   PAD
    0x200000c8   0x0800517c   0x00000004   Data   RW         6834    .data               user_task.o
    0x200000cc   0x08005180   0x00000014   Data   RW         6867    .data               gimbal_task.o
    0x200000e0        -       0x00003c00   Zero   RW         5353    .bss                heap_4.o
    0x20003ce0        -       0x000000f0   Zero   RW         5531    .bss                tasks.o
    0x20003dd0        -       0x000003f0   Zero   RW         5898    .bss                stm32f4xx_it.o
    0x200041c0        -       0x00000078   Zero   RW         6088    .bss                led.o
    0x20004238        -       0x00000050   Zero   RW         6142    .bss                can.o
    0x20004288        -       0x000001c0   Zero   RW         6196    .bss                usart1.o
    0x20004448        -       0x000000a2   Zero   RW         6254    .bss                rc.o
    0x200044ea   0x08005194   0x00000002   PAD
    0x200044ec        -       0x000000bc   Zero   RW         6302    .bss                auto_shoot.o
    0x200045a8        -       0x00000104   Zero   RW         6352    .bss                judg_info.o
    0x200046ac        -       0x00000064   Zero   RW         6439    .bss                can_receive.o
    0x20004710        -       0x00000078   Zero   RW         6703    .bss                chassis_task.o
    0x20004788        -       0x00000210   Zero   RW         6866    .bss                gimbal_task.o
    0x20004998        -       0x00000400   Zero   RW            1    STACK               startup_stm32f407xx.o


==============================================================================

Image component sizes


      Code (inc. data)   RO Data    RW Data    ZI Data      Debug   Object Name

       324         30          0          0        188       2851   auto_shoot.o
       432         54          0          0         80       3408   can.o
       688         84          0         20        100     593139   can_receive.o
       724        104          4         28        120       8909   chassis_task.o
        20          0          0          0          0        607   cmsis_os.o
      1200        104          0         20        528       7341   gimbal_task.o
       460         24          0         24      15360       7343   heap_4.o
       584         40        768         20        260       5701   judg_info.o
       408         58          0          0        120       3353   led.o
       136          0          0          0          0       3546   list.o
       242          8          0          0          0       2532   main.o
       320          6          0          0          0       1183   pid.o
       758         84          0         12          0      11905   port.o
         0          0          0          0          0      11684   queue.o
       426         26          0          0        162       3444   rc.o
       188         72          0         16          0       1970   start_task.o
        36          8        392          0       1024        836   startup_stm32f407xx.o
       182         28          0         12          0     700319   stm32f4xx_hal.o
      1660          6          0          0          0      14019   stm32f4xx_hal_can.o
       218         14          0          0          0      31041   stm32f4xx_hal_cortex.o
       496         12          8          0          0       4650   stm32f4xx_hal_dma.o
       432         44          0          0          0       1764   stm32f4xx_hal_gpio.o
      1426         72          0          0          0       9524   stm32f4xx_hal_pcd.o
      1272         82          0          0          0       5632   stm32f4xx_hal_rcc.o
       896         88          0          0          0       7920   stm32f4xx_hal_tim.o
      1318         36          0          0          0      10644   stm32f4xx_hal_uart.o
        38          6          0          0       1008       3917   stm32f4xx_it.o
       372          4          0          0          0       8884   stm32f4xx_ll_usb.o
        84         18         24          4          0       1159   system_stm32f4xx.o
      1678        150          0         60        240      19002   tasks.o
         0          0          0          0          0       8048   timers.o
       656         58          0          0        448       3814   usart1.o
       202          0          0          0          0       3480   user_lib.o
        52          6          0          4          0        743   user_task.o

    ----------------------------------------------------------------------
     17964       1326       1228        224      19640    1504312   Object Totals
         0          0         32          0          0          0   (incl. Generated)
        36          0          0          4          2          0   (incl. Padding)

    ----------------------------------------------------------------------

      Code (inc. data)   RO Data    RW Data    ZI Data      Debug   Library Member Name

         0          0          0          0          0          0   entry.o
         0          0          0          0          0          0   entry10a.o
         0          0          0          0          0          0   entry11a.o
         8          4          0          0          0          0   entry2.o
         4          0          0          0          0          0   entry5.o
         0          0          0          0          0          0   entry7b.o
         0          0          0          0          0          0   entry8b.o
         8          4          0          0          0          0   entry9a.o
        30          0          0          0          0          0   handlers.o
        36          8          0          0          0         68   init.o
         0          0          0          0          0          0   iusefp.o
        30          0          0          0          0         68   llshl.o
        36          0          0          0          0         68   llsshr.o
        32          0          0          0          0         68   llushr.o
        36          0          0          0          0        108   memseta.o
        98          0          0          0          0         92   uldiv.o
        48          0          0          0          0         68   cdcmple.o
        48          0          0          0          0         68   cdrcmple.o
        56          0          0          0          0         88   d2f.o
       334          0          0          0          0        148   dadd.o
       186          0          0          0          0        176   depilogue.o
        62          0          0          0          0         80   dfixi.o
        34          0          0          0          0         76   dflti.o
       228          0          0          0          0         96   dmul.o
        38          0          0          0          0         68   f2d.o
       110          0          0          0          0        168   fepilogue.o

    ----------------------------------------------------------------------
      1468         16          0          0          0       1508   Library Totals
         6          0          0          0          0          0   (incl. Padding)

    ----------------------------------------------------------------------

      Code (inc. data)   RO Data    RW Data    ZI Data      Debug   Library Name

       318         16          0          0          0        472   mc_w.l
      1144          0          0          0          0       1036   mf_w.l

    ----------------------------------------------------------------------
      1468         16          0          0          0       1508   Library Totals

    ----------------------------------------------------------------------

==============================================================================


      Code (inc. data)   RO Data    RW Data    ZI Data      Debug   

     19432       1342       1228        224      19640    1487648   Grand Totals
     19432       1342       1228        224      19640    1487648   ELF Image Totals
     19432       1342       1228        224          0          0   ROM Totals

==============================================================================

    Total RO  Size (Code + RO Data)                20660 (  20.18kB)
    Total RW  Size (RW Data + ZI Data)             19864 (  19.40kB)
    Total ROM Size (Code + RO Data + RW Data)      20884 (  20.39kB)

==============================================================================

